---
source: tests/golden_examples.rs
assertion_line: 37
expression: "load_example(\"Category.ali\")"
---
Store {
    cells_count: 45,
    types_count: 5,
    modules: [
        Module {
            path: "Category.ali",
            types: [
                Type {
                    name: "",
                    dims: [],
                    diagrams: [],
                    maps: [],
                },
                Type {
                    name: "Eq",
                    dims: [
                        Dim {
                            dim: 0,
                            cells: [
                                Cell {
                                    name: "cod",
                                    input: "",
                                    output: "",
                                },
                                Cell {
                                    name: "dom",
                                    input: "",
                                    output: "",
                                },
                            ],
                        },
                        Dim {
                            dim: 1,
                            cells: [
                                Cell {
                                    name: "lhs",
                                    input: "dom",
                                    output: "cod",
                                },
                                Cell {
                                    name: "rhs",
                                    input: "dom",
                                    output: "cod",
                                },
                            ],
                        },
                        Dim {
                            dim: 2,
                            cells: [
                                Cell {
                                    name: "dir",
                                    input: "lhs",
                                    output: "rhs",
                                },
                                Cell {
                                    name: "inv",
                                    input: "rhs",
                                    output: "lhs",
                                },
                            ],
                        },
                    ],
                    diagrams: [
                        Cell {
                            name: "cod",
                            input: "",
                            output: "",
                        },
                        Cell {
                            name: "dir",
                            input: "lhs",
                            output: "rhs",
                        },
                        Cell {
                            name: "dom",
                            input: "",
                            output: "",
                        },
                        Cell {
                            name: "inv",
                            input: "rhs",
                            output: "lhs",
                        },
                        Cell {
                            name: "lhs",
                            input: "dom",
                            output: "cod",
                        },
                        Cell {
                            name: "rhs",
                            input: "dom",
                            output: "cod",
                        },
                    ],
                    maps: [
                        Map {
                            name: "Eq",
                            domain: "Eq",
                            holes: [],
                        },
                    ],
                },
                Type {
                    name: "Ob",
                    dims: [
                        Dim {
                            dim: 0,
                            cells: [
                                Cell {
                                    name: "ob",
                                    input: "",
                                    output: "",
                                },
                            ],
                        },
                        Dim {
                            dim: 1,
                            cells: [
                                Cell {
                                    name: "id",
                                    input: "ob",
                                    output: "ob",
                                },
                            ],
                        },
                        Dim {
                            dim: 2,
                            cells: [
                                Cell {
                                    name: "Id_id.dir",
                                    input: "(id #0 id)",
                                    output: "id",
                                },
                                Cell {
                                    name: "Id_id.inv",
                                    input: "id",
                                    output: "(id #0 id)",
                                },
                            ],
                        },
                    ],
                    diagrams: [
                        Cell {
                            name: "id",
                            input: "ob",
                            output: "ob",
                        },
                        Cell {
                            name: "ob",
                            input: "",
                            output: "",
                        },
                    ],
                    maps: [
                        Map {
                            name: "Id",
                            domain: "Mor",
                            holes: [],
                        },
                        Map {
                            name: "Id_id",
                            domain: "Eq",
                            holes: [],
                        },
                        Map {
                            name: "Ob",
                            domain: "Ob",
                            holes: [],
                        },
                    ],
                },
                Type {
                    name: "Mor",
                    dims: [
                        Dim {
                            dim: 0,
                            cells: [
                                Cell {
                                    name: "Cod.ob",
                                    input: "",
                                    output: "",
                                },
                                Cell {
                                    name: "Dom.ob",
                                    input: "",
                                    output: "",
                                },
                            ],
                        },
                        Dim {
                            dim: 1,
                            cells: [
                                Cell {
                                    name: "Cod.id",
                                    input: "Cod.ob",
                                    output: "Cod.ob",
                                },
                                Cell {
                                    name: "Dom.id",
                                    input: "Dom.ob",
                                    output: "Dom.ob",
                                },
                                Cell {
                                    name: "mor",
                                    input: "Dom.ob",
                                    output: "Cod.ob",
                                },
                            ],
                        },
                        Dim {
                            dim: 2,
                            cells: [
                                Cell {
                                    name: "Cod.Id_id.dir",
                                    input: "(Cod.id #0 Cod.id)",
                                    output: "Cod.id",
                                },
                                Cell {
                                    name: "Cod.Id_id.inv",
                                    input: "Cod.id",
                                    output: "(Cod.id #0 Cod.id)",
                                },
                                Cell {
                                    name: "Dom.Id_id.dir",
                                    input: "(Dom.id #0 Dom.id)",
                                    output: "Dom.id",
                                },
                                Cell {
                                    name: "Dom.Id_id.inv",
                                    input: "Dom.id",
                                    output: "(Dom.id #0 Dom.id)",
                                },
                                Cell {
                                    name: "Left_id.dir",
                                    input: "(Dom.id #0 mor)",
                                    output: "mor",
                                },
                                Cell {
                                    name: "Left_id.inv",
                                    input: "mor",
                                    output: "(Dom.id #0 mor)",
                                },
                                Cell {
                                    name: "Right_id.dir",
                                    input: "(mor #0 Cod.id)",
                                    output: "mor",
                                },
                                Cell {
                                    name: "Right_id.inv",
                                    input: "mor",
                                    output: "(mor #0 Cod.id)",
                                },
                            ],
                        },
                    ],
                    diagrams: [
                        Cell {
                            name: "mor",
                            input: "Dom.ob",
                            output: "Cod.ob",
                        },
                    ],
                    maps: [
                        Map {
                            name: "Cod",
                            domain: "Ob",
                            holes: [],
                        },
                        Map {
                            name: "Dom",
                            domain: "Ob",
                            holes: [],
                        },
                        Map {
                            name: "Left_id",
                            domain: "Eq",
                            holes: [],
                        },
                        Map {
                            name: "Mor",
                            domain: "Mor",
                            holes: [],
                        },
                        Map {
                            name: "Right_id",
                            domain: "Eq",
                            holes: [],
                        },
                    ],
                },
                Type {
                    name: "Pair",
                    dims: [
                        Dim {
                            dim: 0,
                            cells: [
                                Cell {
                                    name: "Fst.Cod.ob",
                                    input: "",
                                    output: "",
                                },
                                Cell {
                                    name: "Fst.Dom.ob",
                                    input: "",
                                    output: "",
                                },
                                Cell {
                                    name: "Snd.Cod.ob",
                                    input: "",
                                    output: "",
                                },
                            ],
                        },
                        Dim {
                            dim: 1,
                            cells: [
                                Cell {
                                    name: "Fst.Cod.id",
                                    input: "Fst.Cod.ob",
                                    output: "Fst.Cod.ob",
                                },
                                Cell {
                                    name: "Fst.Dom.id",
                                    input: "Fst.Dom.ob",
                                    output: "Fst.Dom.ob",
                                },
                                Cell {
                                    name: "Fst.mor",
                                    input: "Fst.Dom.ob",
                                    output: "Fst.Cod.ob",
                                },
                                Cell {
                                    name: "Snd.Cod.id",
                                    input: "Snd.Cod.ob",
                                    output: "Snd.Cod.ob",
                                },
                                Cell {
                                    name: "Snd.mor",
                                    input: "Fst.Cod.ob",
                                    output: "Snd.Cod.ob",
                                },
                            ],
                        },
                        Dim {
                            dim: 2,
                            cells: [
                                Cell {
                                    name: "Fst.Cod.Id_id.dir",
                                    input: "(Fst.Cod.id #0 Fst.Cod.id)",
                                    output: "Fst.Cod.id",
                                },
                                Cell {
                                    name: "Fst.Cod.Id_id.inv",
                                    input: "Fst.Cod.id",
                                    output: "(Fst.Cod.id #0 Fst.Cod.id)",
                                },
                                Cell {
                                    name: "Fst.Dom.Id_id.dir",
                                    input: "(Fst.Dom.id #0 Fst.Dom.id)",
                                    output: "Fst.Dom.id",
                                },
                                Cell {
                                    name: "Fst.Dom.Id_id.inv",
                                    input: "Fst.Dom.id",
                                    output: "(Fst.Dom.id #0 Fst.Dom.id)",
                                },
                                Cell {
                                    name: "Fst.Left_id.dir",
                                    input: "(Fst.Dom.id #0 Fst.mor)",
                                    output: "Fst.mor",
                                },
                                Cell {
                                    name: "Fst.Left_id.inv",
                                    input: "Fst.mor",
                                    output: "(Fst.Dom.id #0 Fst.mor)",
                                },
                                Cell {
                                    name: "Fst.Right_id.dir",
                                    input: "(Fst.mor #0 Fst.Cod.id)",
                                    output: "Fst.mor",
                                },
                                Cell {
                                    name: "Fst.Right_id.inv",
                                    input: "Fst.mor",
                                    output: "(Fst.mor #0 Fst.Cod.id)",
                                },
                                Cell {
                                    name: "Snd.Cod.Id_id.dir",
                                    input: "(Snd.Cod.id #0 Snd.Cod.id)",
                                    output: "Snd.Cod.id",
                                },
                                Cell {
                                    name: "Snd.Cod.Id_id.inv",
                                    input: "Snd.Cod.id",
                                    output: "(Snd.Cod.id #0 Snd.Cod.id)",
                                },
                                Cell {
                                    name: "Snd.Left_id.dir",
                                    input: "(Fst.Cod.id #0 Snd.mor)",
                                    output: "Snd.mor",
                                },
                                Cell {
                                    name: "Snd.Left_id.inv",
                                    input: "Snd.mor",
                                    output: "(Fst.Cod.id #0 Snd.mor)",
                                },
                                Cell {
                                    name: "Snd.Right_id.dir",
                                    input: "(Snd.mor #0 Snd.Cod.id)",
                                    output: "Snd.mor",
                                },
                                Cell {
                                    name: "Snd.Right_id.inv",
                                    input: "Snd.mor",
                                    output: "(Snd.mor #0 Snd.Cod.id)",
                                },
                            ],
                        },
                    ],
                    diagrams: [
                        Cell {
                            name: "mor",
                            input: "Fst.Dom.ob",
                            output: "Snd.Cod.ob",
                        },
                    ],
                    maps: [
                        Map {
                            name: "Cod",
                            domain: "Ob",
                            holes: [],
                        },
                        Map {
                            name: "Comp",
                            domain: "Mor",
                            holes: [],
                        },
                        Map {
                            name: "Dom",
                            domain: "Ob",
                            holes: [],
                        },
                        Map {
                            name: "Fst",
                            domain: "Mor",
                            holes: [],
                        },
                        Map {
                            name: "Left_id",
                            domain: "Eq",
                            holes: [],
                        },
                        Map {
                            name: "Pair",
                            domain: "Pair",
                            holes: [],
                        },
                        Map {
                            name: "Right_id",
                            domain: "Eq",
                            holes: [],
                        },
                        Map {
                            name: "Snd",
                            domain: "Mor",
                            holes: [],
                        },
                    ],
                },
            ],
        },
    ],
}
