---
source: tests/golden_examples.rs
expression: "load_example(\"Semigroup.ali\")"
---
Store {
    cells_count: 216,
    types_count: 13,
    modules: [
        Module {
            path: "Theory.ali",
            types: [
                Type {
                    name: "",
                    dims: [],
                    diagrams: [],
                    maps: [],
                },
                Type {
                    name: "Equation",
                    dims: [
                        Dim {
                            dim: 0,
                            cells: [
                                Cell {
                                    name: "pt",
                                    input: "",
                                    output: "",
                                },
                            ],
                        },
                        Dim {
                            dim: 1,
                            cells: [
                                Cell {
                                    name: "cod",
                                    input: "pt",
                                    output: "pt",
                                },
                                Cell {
                                    name: "dom",
                                    input: "pt",
                                    output: "pt",
                                },
                            ],
                        },
                        Dim {
                            dim: 2,
                            cells: [
                                Cell {
                                    name: "lhs",
                                    input: "dom",
                                    output: "cod",
                                },
                                Cell {
                                    name: "rhs",
                                    input: "dom",
                                    output: "cod",
                                },
                            ],
                        },
                        Dim {
                            dim: 3,
                            cells: [
                                Cell {
                                    name: "dir",
                                    input: "lhs",
                                    output: "rhs",
                                },
                                Cell {
                                    name: "inv",
                                    input: "rhs",
                                    output: "lhs",
                                },
                            ],
                        },
                    ],
                    diagrams: [
                        Cell {
                            name: "cod",
                            input: "pt",
                            output: "pt",
                        },
                        Cell {
                            name: "dir",
                            input: "lhs",
                            output: "rhs",
                        },
                        Cell {
                            name: "dom",
                            input: "pt",
                            output: "pt",
                        },
                        Cell {
                            name: "inv",
                            input: "rhs",
                            output: "lhs",
                        },
                        Cell {
                            name: "lhs",
                            input: "dom",
                            output: "cod",
                        },
                        Cell {
                            name: "pt",
                            input: "",
                            output: "",
                        },
                        Cell {
                            name: "rhs",
                            input: "dom",
                            output: "cod",
                        },
                    ],
                    maps: [
                        Map {
                            name: "Equation",
                            domain: "Equation",
                        },
                    ],
                },
                Type {
                    name: "Set",
                    dims: [
                        Dim {
                            dim: 0,
                            cells: [
                                Cell {
                                    name: "pt",
                                    input: "",
                                    output: "",
                                },
                            ],
                        },
                        Dim {
                            dim: 1,
                            cells: [
                                Cell {
                                    name: "set",
                                    input: "pt",
                                    output: "pt",
                                },
                            ],
                        },
                        Dim {
                            dim: 2,
                            cells: [
                                Cell {
                                    name: "id",
                                    input: "set",
                                    output: "set",
                                },
                            ],
                        },
                        Dim {
                            dim: 3,
                            cells: [
                                Cell {
                                    name: "Id_id.dir",
                                    input: "(id #1 id)",
                                    output: "id",
                                },
                                Cell {
                                    name: "Id_id.inv",
                                    input: "id",
                                    output: "(id #1 id)",
                                },
                            ],
                        },
                    ],
                    diagrams: [
                        Cell {
                            name: "id",
                            input: "set",
                            output: "set",
                        },
                        Cell {
                            name: "pt",
                            input: "",
                            output: "",
                        },
                        Cell {
                            name: "set",
                            input: "pt",
                            output: "pt",
                        },
                    ],
                    maps: [
                        Map {
                            name: "Id",
                            domain: "Function",
                        },
                        Map {
                            name: "Id_id",
                            domain: "Equation",
                        },
                        Map {
                            name: "Set",
                            domain: "Set",
                        },
                    ],
                },
                Type {
                    name: "Function",
                    dims: [
                        Dim {
                            dim: 0,
                            cells: [
                                Cell {
                                    name: "pt",
                                    input: "",
                                    output: "",
                                },
                            ],
                        },
                        Dim {
                            dim: 1,
                            cells: [
                                Cell {
                                    name: "Cod.set",
                                    input: "pt",
                                    output: "pt",
                                },
                                Cell {
                                    name: "Dom.set",
                                    input: "pt",
                                    output: "pt",
                                },
                            ],
                        },
                        Dim {
                            dim: 2,
                            cells: [
                                Cell {
                                    name: "Cod.id",
                                    input: "Cod.set",
                                    output: "Cod.set",
                                },
                                Cell {
                                    name: "Dom.id",
                                    input: "Dom.set",
                                    output: "Dom.set",
                                },
                                Cell {
                                    name: "fun",
                                    input: "Dom.set",
                                    output: "Cod.set",
                                },
                            ],
                        },
                        Dim {
                            dim: 3,
                            cells: [
                                Cell {
                                    name: "Cod.Id_id.dir",
                                    input: "(Cod.id #1 Cod.id)",
                                    output: "Cod.id",
                                },
                                Cell {
                                    name: "Cod.Id_id.inv",
                                    input: "Cod.id",
                                    output: "(Cod.id #1 Cod.id)",
                                },
                                Cell {
                                    name: "Dom.Id_id.dir",
                                    input: "(Dom.id #1 Dom.id)",
                                    output: "Dom.id",
                                },
                                Cell {
                                    name: "Dom.Id_id.inv",
                                    input: "Dom.id",
                                    output: "(Dom.id #1 Dom.id)",
                                },
                                Cell {
                                    name: "Fun_id.dir",
                                    input: "(fun #1 Cod.id)",
                                    output: "fun",
                                },
                                Cell {
                                    name: "Fun_id.inv",
                                    input: "fun",
                                    output: "(fun #1 Cod.id)",
                                },
                                Cell {
                                    name: "Id_fun.dir",
                                    input: "(Dom.id #1 fun)",
                                    output: "fun",
                                },
                                Cell {
                                    name: "Id_fun.inv",
                                    input: "fun",
                                    output: "(Dom.id #1 fun)",
                                },
                            ],
                        },
                    ],
                    diagrams: [
                        Cell {
                            name: "cod",
                            input: "pt",
                            output: "pt",
                        },
                        Cell {
                            name: "dom",
                            input: "pt",
                            output: "pt",
                        },
                        Cell {
                            name: "fun",
                            input: "Dom.set",
                            output: "Cod.set",
                        },
                        Cell {
                            name: "pt",
                            input: "",
                            output: "",
                        },
                    ],
                    maps: [
                        Map {
                            name: "Cod",
                            domain: "Set",
                        },
                        Map {
                            name: "Dom",
                            domain: "Set",
                        },
                        Map {
                            name: "Fun_id",
                            domain: "Equation",
                        },
                        Map {
                            name: "Function",
                            domain: "Function",
                        },
                        Map {
                            name: "Id_fun",
                            domain: "Equation",
                        },
                    ],
                },
            ],
        },
        Module {
            path: "Semigroup.ali",
            types: [
                Type {
                    name: "",
                    dims: [],
                    diagrams: [],
                    maps: [],
                },
                Type {
                    name: "Theory.Equation",
                    dims: [
                        Dim {
                            dim: 0,
                            cells: [
                                Cell {
                                    name: "pt",
                                    input: "",
                                    output: "",
                                },
                            ],
                        },
                        Dim {
                            dim: 1,
                            cells: [
                                Cell {
                                    name: "cod",
                                    input: "pt",
                                    output: "pt",
                                },
                                Cell {
                                    name: "dom",
                                    input: "pt",
                                    output: "pt",
                                },
                            ],
                        },
                        Dim {
                            dim: 2,
                            cells: [
                                Cell {
                                    name: "lhs",
                                    input: "dom",
                                    output: "cod",
                                },
                                Cell {
                                    name: "rhs",
                                    input: "dom",
                                    output: "cod",
                                },
                            ],
                        },
                        Dim {
                            dim: 3,
                            cells: [
                                Cell {
                                    name: "dir",
                                    input: "lhs",
                                    output: "rhs",
                                },
                                Cell {
                                    name: "inv",
                                    input: "rhs",
                                    output: "lhs",
                                },
                            ],
                        },
                    ],
                    diagrams: [
                        Cell {
                            name: "cod",
                            input: "pt",
                            output: "pt",
                        },
                        Cell {
                            name: "dir",
                            input: "lhs",
                            output: "rhs",
                        },
                        Cell {
                            name: "dom",
                            input: "pt",
                            output: "pt",
                        },
                        Cell {
                            name: "inv",
                            input: "rhs",
                            output: "lhs",
                        },
                        Cell {
                            name: "lhs",
                            input: "dom",
                            output: "cod",
                        },
                        Cell {
                            name: "pt",
                            input: "",
                            output: "",
                        },
                        Cell {
                            name: "rhs",
                            input: "dom",
                            output: "cod",
                        },
                    ],
                    maps: [
                        Map {
                            name: "Equation",
                            domain: "Theory.Equation",
                        },
                    ],
                },
                Type {
                    name: "Theory.Function",
                    dims: [
                        Dim {
                            dim: 0,
                            cells: [
                                Cell {
                                    name: "pt",
                                    input: "",
                                    output: "",
                                },
                            ],
                        },
                        Dim {
                            dim: 1,
                            cells: [
                                Cell {
                                    name: "Cod.set",
                                    input: "pt",
                                    output: "pt",
                                },
                                Cell {
                                    name: "Dom.set",
                                    input: "pt",
                                    output: "pt",
                                },
                            ],
                        },
                        Dim {
                            dim: 2,
                            cells: [
                                Cell {
                                    name: "Cod.id",
                                    input: "Cod.set",
                                    output: "Cod.set",
                                },
                                Cell {
                                    name: "Dom.id",
                                    input: "Dom.set",
                                    output: "Dom.set",
                                },
                                Cell {
                                    name: "fun",
                                    input: "Dom.set",
                                    output: "Cod.set",
                                },
                            ],
                        },
                        Dim {
                            dim: 3,
                            cells: [
                                Cell {
                                    name: "Cod.Id_id.dir",
                                    input: "(Cod.id #1 Cod.id)",
                                    output: "Cod.id",
                                },
                                Cell {
                                    name: "Cod.Id_id.inv",
                                    input: "Cod.id",
                                    output: "(Cod.id #1 Cod.id)",
                                },
                                Cell {
                                    name: "Dom.Id_id.dir",
                                    input: "(Dom.id #1 Dom.id)",
                                    output: "Dom.id",
                                },
                                Cell {
                                    name: "Dom.Id_id.inv",
                                    input: "Dom.id",
                                    output: "(Dom.id #1 Dom.id)",
                                },
                                Cell {
                                    name: "Fun_id.dir",
                                    input: "(fun #1 Cod.id)",
                                    output: "fun",
                                },
                                Cell {
                                    name: "Fun_id.inv",
                                    input: "fun",
                                    output: "(fun #1 Cod.id)",
                                },
                                Cell {
                                    name: "Id_fun.dir",
                                    input: "(Dom.id #1 fun)",
                                    output: "fun",
                                },
                                Cell {
                                    name: "Id_fun.inv",
                                    input: "fun",
                                    output: "(Dom.id #1 fun)",
                                },
                            ],
                        },
                    ],
                    diagrams: [
                        Cell {
                            name: "cod",
                            input: "pt",
                            output: "pt",
                        },
                        Cell {
                            name: "dom",
                            input: "pt",
                            output: "pt",
                        },
                        Cell {
                            name: "fun",
                            input: "Dom.set",
                            output: "Cod.set",
                        },
                        Cell {
                            name: "pt",
                            input: "",
                            output: "",
                        },
                    ],
                    maps: [
                        Map {
                            name: "Cod",
                            domain: "Theory.Set",
                        },
                        Map {
                            name: "Dom",
                            domain: "Theory.Set",
                        },
                        Map {
                            name: "Fun_id",
                            domain: "Theory.Equation",
                        },
                        Map {
                            name: "Function",
                            domain: "Theory.Function",
                        },
                        Map {
                            name: "Id_fun",
                            domain: "Theory.Equation",
                        },
                    ],
                },
                Type {
                    name: "Theory.Set",
                    dims: [
                        Dim {
                            dim: 0,
                            cells: [
                                Cell {
                                    name: "pt",
                                    input: "",
                                    output: "",
                                },
                            ],
                        },
                        Dim {
                            dim: 1,
                            cells: [
                                Cell {
                                    name: "set",
                                    input: "pt",
                                    output: "pt",
                                },
                            ],
                        },
                        Dim {
                            dim: 2,
                            cells: [
                                Cell {
                                    name: "id",
                                    input: "set",
                                    output: "set",
                                },
                            ],
                        },
                        Dim {
                            dim: 3,
                            cells: [
                                Cell {
                                    name: "Id_id.dir",
                                    input: "(id #1 id)",
                                    output: "id",
                                },
                                Cell {
                                    name: "Id_id.inv",
                                    input: "id",
                                    output: "(id #1 id)",
                                },
                            ],
                        },
                    ],
                    diagrams: [
                        Cell {
                            name: "id",
                            input: "set",
                            output: "set",
                        },
                        Cell {
                            name: "pt",
                            input: "",
                            output: "",
                        },
                        Cell {
                            name: "set",
                            input: "pt",
                            output: "pt",
                        },
                    ],
                    maps: [
                        Map {
                            name: "Id",
                            domain: "Theory.Function",
                        },
                        Map {
                            name: "Id_id",
                            domain: "Theory.Equation",
                        },
                        Map {
                            name: "Set",
                            domain: "Theory.Set",
                        },
                    ],
                },
                Type {
                    name: "Semigroup",
                    dims: [
                        Dim {
                            dim: 0,
                            cells: [
                                Cell {
                                    name: "pt",
                                    input: "",
                                    output: "",
                                },
                            ],
                        },
                        Dim {
                            dim: 1,
                            cells: [
                                Cell {
                                    name: "Set.set",
                                    input: "pt",
                                    output: "pt",
                                },
                            ],
                        },
                        Dim {
                            dim: 2,
                            cells: [
                                Cell {
                                    name: "Set.id",
                                    input: "Set.set",
                                    output: "Set.set",
                                },
                                Cell {
                                    name: "merge",
                                    input: "(Set.set #0 Set.set)",
                                    output: "Set.set",
                                },
                            ],
                        },
                        Dim {
                            dim: 3,
                            cells: [
                                Cell {
                                    name: "Assoc.dir",
                                    input: "((merge #0 Set.set) #1 merge)",
                                    output: "((Set.set #0 merge) #1 merge)",
                                },
                                Cell {
                                    name: "Assoc.inv",
                                    input: "((Set.set #0 merge) #1 merge)",
                                    output: "((merge #0 Set.set) #1 merge)",
                                },
                                Cell {
                                    name: "Left_id_merge.dir",
                                    input: "((Set.id #0 Set.set) #1 merge)",
                                    output: "merge",
                                },
                                Cell {
                                    name: "Left_id_merge.inv",
                                    input: "merge",
                                    output: "((Set.id #0 Set.set) #1 merge)",
                                },
                                Cell {
                                    name: "Merge_id.dir",
                                    input: "(merge #1 Set.id)",
                                    output: "merge",
                                },
                                Cell {
                                    name: "Merge_id.inv",
                                    input: "merge",
                                    output: "(merge #1 Set.id)",
                                },
                                Cell {
                                    name: "Right_id_merge.dir",
                                    input: "((Set.set #0 Set.id) #1 merge)",
                                    output: "merge",
                                },
                                Cell {
                                    name: "Right_id_merge.inv",
                                    input: "merge",
                                    output: "((Set.set #0 Set.id) #1 merge)",
                                },
                                Cell {
                                    name: "Set.Id_id.dir",
                                    input: "(Set.id #1 Set.id)",
                                    output: "Set.id",
                                },
                                Cell {
                                    name: "Set.Id_id.inv",
                                    input: "Set.id",
                                    output: "(Set.id #1 Set.id)",
                                },
                            ],
                        },
                    ],
                    diagrams: [
                        Cell {
                            name: "id",
                            input: "Set.set",
                            output: "Set.set",
                        },
                        Cell {
                            name: "merge",
                            input: "(Set.set #0 Set.set)",
                            output: "Set.set",
                        },
                        Cell {
                            name: "pt",
                            input: "",
                            output: "",
                        },
                        Cell {
                            name: "set",
                            input: "pt",
                            output: "pt",
                        },
                    ],
                    maps: [
                        Map {
                            name: "Assoc",
                            domain: "Theory.Equation",
                        },
                        Map {
                            name: "Left_id_merge",
                            domain: "Theory.Equation",
                        },
                        Map {
                            name: "Merge_id",
                            domain: "Theory.Equation",
                        },
                        Map {
                            name: "Right_id_merge",
                            domain: "Theory.Equation",
                        },
                        Map {
                            name: "Semigroup",
                            domain: "Semigroup",
                        },
                        Map {
                            name: "Set",
                            domain: "Theory.Set",
                        },
                    ],
                },
                Type {
                    name: "Cosemigroup",
                    dims: [
                        Dim {
                            dim: 0,
                            cells: [
                                Cell {
                                    name: "pt",
                                    input: "",
                                    output: "",
                                },
                            ],
                        },
                        Dim {
                            dim: 1,
                            cells: [
                                Cell {
                                    name: "Set.set",
                                    input: "pt",
                                    output: "pt",
                                },
                            ],
                        },
                        Dim {
                            dim: 2,
                            cells: [
                                Cell {
                                    name: "Set.id",
                                    input: "Set.set",
                                    output: "Set.set",
                                },
                                Cell {
                                    name: "split",
                                    input: "Set.set",
                                    output: "(Set.set #0 Set.set)",
                                },
                            ],
                        },
                        Dim {
                            dim: 3,
                            cells: [
                                Cell {
                                    name: "Assoc.dir",
                                    input: "(split #1 (split #0 Set.set))",
                                    output: "(split #1 (Set.set #0 split))",
                                },
                                Cell {
                                    name: "Assoc.inv",
                                    input: "(split #1 (Set.set #0 split))",
                                    output: "(split #1 (split #0 Set.set))",
                                },
                                Cell {
                                    name: "Id_split.dir",
                                    input: "(Set.id #1 split)",
                                    output: "split",
                                },
                                Cell {
                                    name: "Id_split.inv",
                                    input: "split",
                                    output: "(Set.id #1 split)",
                                },
                                Cell {
                                    name: "Set.Id_id.dir",
                                    input: "(Set.id #1 Set.id)",
                                    output: "Set.id",
                                },
                                Cell {
                                    name: "Set.Id_id.inv",
                                    input: "Set.id",
                                    output: "(Set.id #1 Set.id)",
                                },
                                Cell {
                                    name: "Split_left_id.dir",
                                    input: "(split #1 (Set.id #0 Set.set))",
                                    output: "split",
                                },
                                Cell {
                                    name: "Split_left_id.inv",
                                    input: "split",
                                    output: "(split #1 (Set.id #0 Set.set))",
                                },
                                Cell {
                                    name: "Split_right_id.dir",
                                    input: "(split #1 (Set.set #0 Set.id))",
                                    output: "split",
                                },
                                Cell {
                                    name: "Split_right_id.inv",
                                    input: "split",
                                    output: "(split #1 (Set.set #0 Set.id))",
                                },
                            ],
                        },
                    ],
                    diagrams: [
                        Cell {
                            name: "id",
                            input: "Set.set",
                            output: "Set.set",
                        },
                        Cell {
                            name: "pt",
                            input: "",
                            output: "",
                        },
                        Cell {
                            name: "set",
                            input: "pt",
                            output: "pt",
                        },
                        Cell {
                            name: "split",
                            input: "Set.set",
                            output: "(Set.set #0 Set.set)",
                        },
                    ],
                    maps: [
                        Map {
                            name: "Assoc",
                            domain: "Theory.Equation",
                        },
                        Map {
                            name: "Cosemigroup",
                            domain: "Cosemigroup",
                        },
                        Map {
                            name: "Id_split",
                            domain: "Theory.Equation",
                        },
                        Map {
                            name: "Set",
                            domain: "Theory.Set",
                        },
                        Map {
                            name: "Split_left_id",
                            domain: "Theory.Equation",
                        },
                        Map {
                            name: "Split_right_id",
                            domain: "Theory.Equation",
                        },
                    ],
                },
                Type {
                    name: "Left_module",
                    dims: [
                        Dim {
                            dim: 0,
                            cells: [
                                Cell {
                                    name: "pt",
                                    input: "",
                                    output: "",
                                },
                            ],
                        },
                        Dim {
                            dim: 1,
                            cells: [
                                Cell {
                                    name: "L.Set.set",
                                    input: "pt",
                                    output: "pt",
                                },
                                Cell {
                                    name: "Set.set",
                                    input: "pt",
                                    output: "pt",
                                },
                            ],
                        },
                        Dim {
                            dim: 2,
                            cells: [
                                Cell {
                                    name: "L.Set.id",
                                    input: "L.Set.set",
                                    output: "L.Set.set",
                                },
                                Cell {
                                    name: "L.merge",
                                    input: "(L.Set.set #0 L.Set.set)",
                                    output: "L.Set.set",
                                },
                                Cell {
                                    name: "Set.id",
                                    input: "Set.set",
                                    output: "Set.set",
                                },
                                Cell {
                                    name: "action",
                                    input: "(L.Set.set #0 Set.set)",
                                    output: "Set.set",
                                },
                            ],
                        },
                        Dim {
                            dim: 3,
                            cells: [
                                Cell {
                                    name: "L.Assoc.dir",
                                    input: "((L.merge #0 L.Set.set) #1 L.merge)",
                                    output: "((L.Set.set #0 L.merge) #1 L.merge)",
                                },
                                Cell {
                                    name: "L.Assoc.inv",
                                    input: "((L.Set.set #0 L.merge) #1 L.merge)",
                                    output: "((L.merge #0 L.Set.set) #1 L.merge)",
                                },
                                Cell {
                                    name: "L.Left_id_merge.dir",
                                    input: "((L.Set.id #0 L.Set.set) #1 L.merge)",
                                    output: "L.merge",
                                },
                                Cell {
                                    name: "L.Left_id_merge.inv",
                                    input: "L.merge",
                                    output: "((L.Set.id #0 L.Set.set) #1 L.merge)",
                                },
                                Cell {
                                    name: "L.Merge_id.dir",
                                    input: "(L.merge #1 L.Set.id)",
                                    output: "L.merge",
                                },
                                Cell {
                                    name: "L.Merge_id.inv",
                                    input: "L.merge",
                                    output: "(L.merge #1 L.Set.id)",
                                },
                                Cell {
                                    name: "L.Right_id_merge.dir",
                                    input: "((L.Set.set #0 L.Set.id) #1 L.merge)",
                                    output: "L.merge",
                                },
                                Cell {
                                    name: "L.Right_id_merge.inv",
                                    input: "L.merge",
                                    output: "((L.Set.set #0 L.Set.id) #1 L.merge)",
                                },
                                Cell {
                                    name: "L.Set.Id_id.dir",
                                    input: "(L.Set.id #1 L.Set.id)",
                                    output: "L.Set.id",
                                },
                                Cell {
                                    name: "L.Set.Id_id.inv",
                                    input: "L.Set.id",
                                    output: "(L.Set.id #1 L.Set.id)",
                                },
                                Cell {
                                    name: "Merge_left_act.dir",
                                    input: "((L.merge #0 Set.set) #1 action)",
                                    output: "((L.Set.set #0 action) #1 action)",
                                },
                                Cell {
                                    name: "Merge_left_act.inv",
                                    input: "((L.Set.set #0 action) #1 action)",
                                    output: "((L.merge #0 Set.set) #1 action)",
                                },
                                Cell {
                                    name: "Set.Id_id.dir",
                                    input: "(Set.id #1 Set.id)",
                                    output: "Set.id",
                                },
                                Cell {
                                    name: "Set.Id_id.inv",
                                    input: "Set.id",
                                    output: "(Set.id #1 Set.id)",
                                },
                            ],
                        },
                    ],
                    diagrams: [
                        Cell {
                            name: "action",
                            input: "(L.Set.set #0 Set.set)",
                            output: "Set.set",
                        },
                        Cell {
                            name: "pt",
                            input: "",
                            output: "",
                        },
                    ],
                    maps: [
                        Map {
                            name: "L",
                            domain: "Semigroup",
                        },
                        Map {
                            name: "Left_module",
                            domain: "Left_module",
                        },
                        Map {
                            name: "Merge_left_act",
                            domain: "Theory.Equation",
                        },
                        Map {
                            name: "Set",
                            domain: "Theory.Set",
                        },
                    ],
                },
                Type {
                    name: "Right_module",
                    dims: [
                        Dim {
                            dim: 0,
                            cells: [
                                Cell {
                                    name: "pt",
                                    input: "",
                                    output: "",
                                },
                            ],
                        },
                        Dim {
                            dim: 1,
                            cells: [
                                Cell {
                                    name: "R.Set.set",
                                    input: "pt",
                                    output: "pt",
                                },
                                Cell {
                                    name: "Set.set",
                                    input: "pt",
                                    output: "pt",
                                },
                            ],
                        },
                        Dim {
                            dim: 2,
                            cells: [
                                Cell {
                                    name: "R.Set.id",
                                    input: "R.Set.set",
                                    output: "R.Set.set",
                                },
                                Cell {
                                    name: "R.merge",
                                    input: "(R.Set.set #0 R.Set.set)",
                                    output: "R.Set.set",
                                },
                                Cell {
                                    name: "Set.id",
                                    input: "Set.set",
                                    output: "Set.set",
                                },
                                Cell {
                                    name: "action",
                                    input: "(Set.set #0 R.Set.set)",
                                    output: "Set.set",
                                },
                            ],
                        },
                        Dim {
                            dim: 3,
                            cells: [
                                Cell {
                                    name: "Merge_right_act.dir",
                                    input: "((Set.set #0 R.merge) #1 action)",
                                    output: "((action #0 R.Set.set) #1 action)",
                                },
                                Cell {
                                    name: "Merge_right_act.inv",
                                    input: "((action #0 R.Set.set) #1 action)",
                                    output: "((Set.set #0 R.merge) #1 action)",
                                },
                                Cell {
                                    name: "R.Assoc.dir",
                                    input: "((R.merge #0 R.Set.set) #1 R.merge)",
                                    output: "((R.Set.set #0 R.merge) #1 R.merge)",
                                },
                                Cell {
                                    name: "R.Assoc.inv",
                                    input: "((R.Set.set #0 R.merge) #1 R.merge)",
                                    output: "((R.merge #0 R.Set.set) #1 R.merge)",
                                },
                                Cell {
                                    name: "R.Left_id_merge.dir",
                                    input: "((R.Set.id #0 R.Set.set) #1 R.merge)",
                                    output: "R.merge",
                                },
                                Cell {
                                    name: "R.Left_id_merge.inv",
                                    input: "R.merge",
                                    output: "((R.Set.id #0 R.Set.set) #1 R.merge)",
                                },
                                Cell {
                                    name: "R.Merge_id.dir",
                                    input: "(R.merge #1 R.Set.id)",
                                    output: "R.merge",
                                },
                                Cell {
                                    name: "R.Merge_id.inv",
                                    input: "R.merge",
                                    output: "(R.merge #1 R.Set.id)",
                                },
                                Cell {
                                    name: "R.Right_id_merge.dir",
                                    input: "((R.Set.set #0 R.Set.id) #1 R.merge)",
                                    output: "R.merge",
                                },
                                Cell {
                                    name: "R.Right_id_merge.inv",
                                    input: "R.merge",
                                    output: "((R.Set.set #0 R.Set.id) #1 R.merge)",
                                },
                                Cell {
                                    name: "R.Set.Id_id.dir",
                                    input: "(R.Set.id #1 R.Set.id)",
                                    output: "R.Set.id",
                                },
                                Cell {
                                    name: "R.Set.Id_id.inv",
                                    input: "R.Set.id",
                                    output: "(R.Set.id #1 R.Set.id)",
                                },
                                Cell {
                                    name: "Set.Id_id.dir",
                                    input: "(Set.id #1 Set.id)",
                                    output: "Set.id",
                                },
                                Cell {
                                    name: "Set.Id_id.inv",
                                    input: "Set.id",
                                    output: "(Set.id #1 Set.id)",
                                },
                            ],
                        },
                    ],
                    diagrams: [
                        Cell {
                            name: "action",
                            input: "(Set.set #0 R.Set.set)",
                            output: "Set.set",
                        },
                        Cell {
                            name: "pt",
                            input: "",
                            output: "",
                        },
                    ],
                    maps: [
                        Map {
                            name: "Merge_right_act",
                            domain: "Theory.Equation",
                        },
                        Map {
                            name: "R",
                            domain: "Semigroup",
                        },
                        Map {
                            name: "Right_module",
                            domain: "Right_module",
                        },
                        Map {
                            name: "Set",
                            domain: "Theory.Set",
                        },
                    ],
                },
                Type {
                    name: "Bimodule",
                    dims: [
                        Dim {
                            dim: 0,
                            cells: [
                                Cell {
                                    name: "pt",
                                    input: "",
                                    output: "",
                                },
                            ],
                        },
                        Dim {
                            dim: 1,
                            cells: [
                                Cell {
                                    name: "L.Set.set",
                                    input: "pt",
                                    output: "pt",
                                },
                                Cell {
                                    name: "R.Set.set",
                                    input: "pt",
                                    output: "pt",
                                },
                                Cell {
                                    name: "Set.set",
                                    input: "pt",
                                    output: "pt",
                                },
                            ],
                        },
                        Dim {
                            dim: 2,
                            cells: [
                                Cell {
                                    name: "L.Set.id",
                                    input: "L.Set.set",
                                    output: "L.Set.set",
                                },
                                Cell {
                                    name: "L.merge",
                                    input: "(L.Set.set #0 L.Set.set)",
                                    output: "L.Set.set",
                                },
                                Cell {
                                    name: "LM.action",
                                    input: "(L.Set.set #0 Set.set)",
                                    output: "Set.set",
                                },
                                Cell {
                                    name: "R.Set.id",
                                    input: "R.Set.set",
                                    output: "R.Set.set",
                                },
                                Cell {
                                    name: "R.merge",
                                    input: "(R.Set.set #0 R.Set.set)",
                                    output: "R.Set.set",
                                },
                                Cell {
                                    name: "RM.action",
                                    input: "(Set.set #0 R.Set.set)",
                                    output: "Set.set",
                                },
                                Cell {
                                    name: "Set.id",
                                    input: "Set.set",
                                    output: "Set.set",
                                },
                            ],
                        },
                        Dim {
                            dim: 3,
                            cells: [
                                Cell {
                                    name: "L.Assoc.dir",
                                    input: "((L.merge #0 L.Set.set) #1 L.merge)",
                                    output: "((L.Set.set #0 L.merge) #1 L.merge)",
                                },
                                Cell {
                                    name: "L.Assoc.inv",
                                    input: "((L.Set.set #0 L.merge) #1 L.merge)",
                                    output: "((L.merge #0 L.Set.set) #1 L.merge)",
                                },
                                Cell {
                                    name: "L.Left_id_merge.dir",
                                    input: "((L.Set.id #0 L.Set.set) #1 L.merge)",
                                    output: "L.merge",
                                },
                                Cell {
                                    name: "L.Left_id_merge.inv",
                                    input: "L.merge",
                                    output: "((L.Set.id #0 L.Set.set) #1 L.merge)",
                                },
                                Cell {
                                    name: "L.Merge_id.dir",
                                    input: "(L.merge #1 L.Set.id)",
                                    output: "L.merge",
                                },
                                Cell {
                                    name: "L.Merge_id.inv",
                                    input: "L.merge",
                                    output: "(L.merge #1 L.Set.id)",
                                },
                                Cell {
                                    name: "L.Right_id_merge.dir",
                                    input: "((L.Set.set #0 L.Set.id) #1 L.merge)",
                                    output: "L.merge",
                                },
                                Cell {
                                    name: "L.Right_id_merge.inv",
                                    input: "L.merge",
                                    output: "((L.Set.set #0 L.Set.id) #1 L.merge)",
                                },
                                Cell {
                                    name: "L.Set.Id_id.dir",
                                    input: "(L.Set.id #1 L.Set.id)",
                                    output: "L.Set.id",
                                },
                                Cell {
                                    name: "L.Set.Id_id.inv",
                                    input: "L.Set.id",
                                    output: "(L.Set.id #1 L.Set.id)",
                                },
                                Cell {
                                    name: "LM.Merge_left_act.dir",
                                    input: "((L.merge #0 Set.set) #1 LM.action)",
                                    output: "((L.Set.set #0 LM.action) #1 LM.action)",
                                },
                                Cell {
                                    name: "LM.Merge_left_act.inv",
                                    input: "((L.Set.set #0 LM.action) #1 LM.action)",
                                    output: "((L.merge #0 Set.set) #1 LM.action)",
                                },
                                Cell {
                                    name: "Left_act_right_act.dir",
                                    input: "((LM.action #0 R.Set.set) #1 RM.action)",
                                    output: "((L.Set.set #0 RM.action) #1 LM.action)",
                                },
                                Cell {
                                    name: "Left_act_right_act.inv",
                                    input: "((L.Set.set #0 RM.action) #1 LM.action)",
                                    output: "((LM.action #0 R.Set.set) #1 RM.action)",
                                },
                                Cell {
                                    name: "R.Assoc.dir",
                                    input: "((R.merge #0 R.Set.set) #1 R.merge)",
                                    output: "((R.Set.set #0 R.merge) #1 R.merge)",
                                },
                                Cell {
                                    name: "R.Assoc.inv",
                                    input: "((R.Set.set #0 R.merge) #1 R.merge)",
                                    output: "((R.merge #0 R.Set.set) #1 R.merge)",
                                },
                                Cell {
                                    name: "R.Left_id_merge.dir",
                                    input: "((R.Set.id #0 R.Set.set) #1 R.merge)",
                                    output: "R.merge",
                                },
                                Cell {
                                    name: "R.Left_id_merge.inv",
                                    input: "R.merge",
                                    output: "((R.Set.id #0 R.Set.set) #1 R.merge)",
                                },
                                Cell {
                                    name: "R.Merge_id.dir",
                                    input: "(R.merge #1 R.Set.id)",
                                    output: "R.merge",
                                },
                                Cell {
                                    name: "R.Merge_id.inv",
                                    input: "R.merge",
                                    output: "(R.merge #1 R.Set.id)",
                                },
                                Cell {
                                    name: "R.Right_id_merge.dir",
                                    input: "((R.Set.set #0 R.Set.id) #1 R.merge)",
                                    output: "R.merge",
                                },
                                Cell {
                                    name: "R.Right_id_merge.inv",
                                    input: "R.merge",
                                    output: "((R.Set.set #0 R.Set.id) #1 R.merge)",
                                },
                                Cell {
                                    name: "R.Set.Id_id.dir",
                                    input: "(R.Set.id #1 R.Set.id)",
                                    output: "R.Set.id",
                                },
                                Cell {
                                    name: "R.Set.Id_id.inv",
                                    input: "R.Set.id",
                                    output: "(R.Set.id #1 R.Set.id)",
                                },
                                Cell {
                                    name: "RM.Merge_right_act.dir",
                                    input: "((Set.set #0 R.merge) #1 RM.action)",
                                    output: "((RM.action #0 R.Set.set) #1 RM.action)",
                                },
                                Cell {
                                    name: "RM.Merge_right_act.inv",
                                    input: "((RM.action #0 R.Set.set) #1 RM.action)",
                                    output: "((Set.set #0 R.merge) #1 RM.action)",
                                },
                                Cell {
                                    name: "Set.Id_id.dir",
                                    input: "(Set.id #1 Set.id)",
                                    output: "Set.id",
                                },
                                Cell {
                                    name: "Set.Id_id.inv",
                                    input: "Set.id",
                                    output: "(Set.id #1 Set.id)",
                                },
                            ],
                        },
                    ],
                    diagrams: [
                        Cell {
                            name: "pt",
                            input: "",
                            output: "",
                        },
                    ],
                    maps: [
                        Map {
                            name: "Bimodule",
                            domain: "Bimodule",
                        },
                        Map {
                            name: "L",
                            domain: "Semigroup",
                        },
                        Map {
                            name: "LM",
                            domain: "Left_module",
                        },
                        Map {
                            name: "Left_act_right_act",
                            domain: "Theory.Equation",
                        },
                        Map {
                            name: "R",
                            domain: "Semigroup",
                        },
                        Map {
                            name: "RM",
                            domain: "Right_module",
                        },
                        Map {
                            name: "Set",
                            domain: "Theory.Set",
                        },
                    ],
                },
                Type {
                    name: "Left_comodule",
                    dims: [
                        Dim {
                            dim: 0,
                            cells: [
                                Cell {
                                    name: "pt",
                                    input: "",
                                    output: "",
                                },
                            ],
                        },
                        Dim {
                            dim: 1,
                            cells: [
                                Cell {
                                    name: "L.Set.set",
                                    input: "pt",
                                    output: "pt",
                                },
                                Cell {
                                    name: "Set.set",
                                    input: "pt",
                                    output: "pt",
                                },
                            ],
                        },
                        Dim {
                            dim: 2,
                            cells: [
                                Cell {
                                    name: "L.Set.id",
                                    input: "L.Set.set",
                                    output: "L.Set.set",
                                },
                                Cell {
                                    name: "L.split",
                                    input: "L.Set.set",
                                    output: "(L.Set.set #0 L.Set.set)",
                                },
                                Cell {
                                    name: "Set.id",
                                    input: "Set.set",
                                    output: "Set.set",
                                },
                                Cell {
                                    name: "coaction",
                                    input: "Set.set",
                                    output: "(L.Set.set #0 Set.set)",
                                },
                            ],
                        },
                        Dim {
                            dim: 3,
                            cells: [
                                Cell {
                                    name: "L.Assoc.dir",
                                    input: "(L.split #1 (L.split #0 L.Set.set))",
                                    output: "(L.split #1 (L.Set.set #0 L.split))",
                                },
                                Cell {
                                    name: "L.Assoc.inv",
                                    input: "(L.split #1 (L.Set.set #0 L.split))",
                                    output: "(L.split #1 (L.split #0 L.Set.set))",
                                },
                                Cell {
                                    name: "L.Id_split.dir",
                                    input: "(L.Set.id #1 L.split)",
                                    output: "L.split",
                                },
                                Cell {
                                    name: "L.Id_split.inv",
                                    input: "L.split",
                                    output: "(L.Set.id #1 L.split)",
                                },
                                Cell {
                                    name: "L.Set.Id_id.dir",
                                    input: "(L.Set.id #1 L.Set.id)",
                                    output: "L.Set.id",
                                },
                                Cell {
                                    name: "L.Set.Id_id.inv",
                                    input: "L.Set.id",
                                    output: "(L.Set.id #1 L.Set.id)",
                                },
                                Cell {
                                    name: "L.Split_left_id.dir",
                                    input: "(L.split #1 (L.Set.id #0 L.Set.set))",
                                    output: "L.split",
                                },
                                Cell {
                                    name: "L.Split_left_id.inv",
                                    input: "L.split",
                                    output: "(L.split #1 (L.Set.id #0 L.Set.set))",
                                },
                                Cell {
                                    name: "L.Split_right_id.dir",
                                    input: "(L.split #1 (L.Set.set #0 L.Set.id))",
                                    output: "L.split",
                                },
                                Cell {
                                    name: "L.Split_right_id.inv",
                                    input: "L.split",
                                    output: "(L.split #1 (L.Set.set #0 L.Set.id))",
                                },
                                Cell {
                                    name: "Left_coact_split.dir",
                                    input: "(coaction #1 (L.split #0 Set.set))",
                                    output: "(coaction #1 (L.Set.set #0 coaction))",
                                },
                                Cell {
                                    name: "Left_coact_split.inv",
                                    input: "(coaction #1 (L.Set.set #0 coaction))",
                                    output: "(coaction #1 (L.split #0 Set.set))",
                                },
                                Cell {
                                    name: "Set.Id_id.dir",
                                    input: "(Set.id #1 Set.id)",
                                    output: "Set.id",
                                },
                                Cell {
                                    name: "Set.Id_id.inv",
                                    input: "Set.id",
                                    output: "(Set.id #1 Set.id)",
                                },
                            ],
                        },
                    ],
                    diagrams: [
                        Cell {
                            name: "coaction",
                            input: "Set.set",
                            output: "(L.Set.set #0 Set.set)",
                        },
                        Cell {
                            name: "pt",
                            input: "",
                            output: "",
                        },
                    ],
                    maps: [
                        Map {
                            name: "L",
                            domain: "Cosemigroup",
                        },
                        Map {
                            name: "Left_coact_split",
                            domain: "Theory.Equation",
                        },
                        Map {
                            name: "Left_comodule",
                            domain: "Left_comodule",
                        },
                        Map {
                            name: "Set",
                            domain: "Theory.Set",
                        },
                    ],
                },
                Type {
                    name: "Right_comodule",
                    dims: [
                        Dim {
                            dim: 0,
                            cells: [
                                Cell {
                                    name: "pt",
                                    input: "",
                                    output: "",
                                },
                            ],
                        },
                        Dim {
                            dim: 1,
                            cells: [
                                Cell {
                                    name: "R.Set.set",
                                    input: "pt",
                                    output: "pt",
                                },
                                Cell {
                                    name: "Set.set",
                                    input: "pt",
                                    output: "pt",
                                },
                            ],
                        },
                        Dim {
                            dim: 2,
                            cells: [
                                Cell {
                                    name: "R.Set.id",
                                    input: "R.Set.set",
                                    output: "R.Set.set",
                                },
                                Cell {
                                    name: "R.split",
                                    input: "R.Set.set",
                                    output: "(R.Set.set #0 R.Set.set)",
                                },
                                Cell {
                                    name: "Set.id",
                                    input: "Set.set",
                                    output: "Set.set",
                                },
                                Cell {
                                    name: "coaction",
                                    input: "Set.set",
                                    output: "(Set.set #0 R.Set.set)",
                                },
                            ],
                        },
                        Dim {
                            dim: 3,
                            cells: [
                                Cell {
                                    name: "R.Assoc.dir",
                                    input: "(R.split #1 (R.split #0 R.Set.set))",
                                    output: "(R.split #1 (R.Set.set #0 R.split))",
                                },
                                Cell {
                                    name: "R.Assoc.inv",
                                    input: "(R.split #1 (R.Set.set #0 R.split))",
                                    output: "(R.split #1 (R.split #0 R.Set.set))",
                                },
                                Cell {
                                    name: "R.Id_split.dir",
                                    input: "(R.Set.id #1 R.split)",
                                    output: "R.split",
                                },
                                Cell {
                                    name: "R.Id_split.inv",
                                    input: "R.split",
                                    output: "(R.Set.id #1 R.split)",
                                },
                                Cell {
                                    name: "R.Set.Id_id.dir",
                                    input: "(R.Set.id #1 R.Set.id)",
                                    output: "R.Set.id",
                                },
                                Cell {
                                    name: "R.Set.Id_id.inv",
                                    input: "R.Set.id",
                                    output: "(R.Set.id #1 R.Set.id)",
                                },
                                Cell {
                                    name: "R.Split_left_id.dir",
                                    input: "(R.split #1 (R.Set.id #0 R.Set.set))",
                                    output: "R.split",
                                },
                                Cell {
                                    name: "R.Split_left_id.inv",
                                    input: "R.split",
                                    output: "(R.split #1 (R.Set.id #0 R.Set.set))",
                                },
                                Cell {
                                    name: "R.Split_right_id.dir",
                                    input: "(R.split #1 (R.Set.set #0 R.Set.id))",
                                    output: "R.split",
                                },
                                Cell {
                                    name: "R.Split_right_id.inv",
                                    input: "R.split",
                                    output: "(R.split #1 (R.Set.set #0 R.Set.id))",
                                },
                                Cell {
                                    name: "Right_coact_split.dir",
                                    input: "(coaction #1 (Set.set #0 R.split))",
                                    output: "(coaction #1 (coaction #0 R.Set.set))",
                                },
                                Cell {
                                    name: "Right_coact_split.inv",
                                    input: "(coaction #1 (coaction #0 R.Set.set))",
                                    output: "(coaction #1 (Set.set #0 R.split))",
                                },
                                Cell {
                                    name: "Set.Id_id.dir",
                                    input: "(Set.id #1 Set.id)",
                                    output: "Set.id",
                                },
                                Cell {
                                    name: "Set.Id_id.inv",
                                    input: "Set.id",
                                    output: "(Set.id #1 Set.id)",
                                },
                            ],
                        },
                    ],
                    diagrams: [
                        Cell {
                            name: "coaction",
                            input: "Set.set",
                            output: "(Set.set #0 R.Set.set)",
                        },
                        Cell {
                            name: "pt",
                            input: "",
                            output: "",
                        },
                    ],
                    maps: [
                        Map {
                            name: "R",
                            domain: "Cosemigroup",
                        },
                        Map {
                            name: "Right_coact_split",
                            domain: "Theory.Equation",
                        },
                        Map {
                            name: "Right_comodule",
                            domain: "Right_comodule",
                        },
                        Map {
                            name: "Set",
                            domain: "Theory.Set",
                        },
                    ],
                },
                Type {
                    name: "Bicomodule",
                    dims: [
                        Dim {
                            dim: 0,
                            cells: [
                                Cell {
                                    name: "pt",
                                    input: "",
                                    output: "",
                                },
                            ],
                        },
                        Dim {
                            dim: 1,
                            cells: [
                                Cell {
                                    name: "L.Set.set",
                                    input: "pt",
                                    output: "pt",
                                },
                                Cell {
                                    name: "R.Set.set",
                                    input: "pt",
                                    output: "pt",
                                },
                                Cell {
                                    name: "Set.set",
                                    input: "pt",
                                    output: "pt",
                                },
                            ],
                        },
                        Dim {
                            dim: 2,
                            cells: [
                                Cell {
                                    name: "L.Set.id",
                                    input: "L.Set.set",
                                    output: "L.Set.set",
                                },
                                Cell {
                                    name: "L.split",
                                    input: "L.Set.set",
                                    output: "(L.Set.set #0 L.Set.set)",
                                },
                                Cell {
                                    name: "LC.coaction",
                                    input: "Set.set",
                                    output: "(L.Set.set #0 Set.set)",
                                },
                                Cell {
                                    name: "R.Set.id",
                                    input: "R.Set.set",
                                    output: "R.Set.set",
                                },
                                Cell {
                                    name: "R.split",
                                    input: "R.Set.set",
                                    output: "(R.Set.set #0 R.Set.set)",
                                },
                                Cell {
                                    name: "RC.coaction",
                                    input: "Set.set",
                                    output: "(Set.set #0 R.Set.set)",
                                },
                                Cell {
                                    name: "Set.id",
                                    input: "Set.set",
                                    output: "Set.set",
                                },
                            ],
                        },
                        Dim {
                            dim: 3,
                            cells: [
                                Cell {
                                    name: "L.Assoc.dir",
                                    input: "(L.split #1 (L.split #0 L.Set.set))",
                                    output: "(L.split #1 (L.Set.set #0 L.split))",
                                },
                                Cell {
                                    name: "L.Assoc.inv",
                                    input: "(L.split #1 (L.Set.set #0 L.split))",
                                    output: "(L.split #1 (L.split #0 L.Set.set))",
                                },
                                Cell {
                                    name: "L.Id_split.dir",
                                    input: "(L.Set.id #1 L.split)",
                                    output: "L.split",
                                },
                                Cell {
                                    name: "L.Id_split.inv",
                                    input: "L.split",
                                    output: "(L.Set.id #1 L.split)",
                                },
                                Cell {
                                    name: "L.Set.Id_id.dir",
                                    input: "(L.Set.id #1 L.Set.id)",
                                    output: "L.Set.id",
                                },
                                Cell {
                                    name: "L.Set.Id_id.inv",
                                    input: "L.Set.id",
                                    output: "(L.Set.id #1 L.Set.id)",
                                },
                                Cell {
                                    name: "L.Split_left_id.dir",
                                    input: "(L.split #1 (L.Set.id #0 L.Set.set))",
                                    output: "L.split",
                                },
                                Cell {
                                    name: "L.Split_left_id.inv",
                                    input: "L.split",
                                    output: "(L.split #1 (L.Set.id #0 L.Set.set))",
                                },
                                Cell {
                                    name: "L.Split_right_id.dir",
                                    input: "(L.split #1 (L.Set.set #0 L.Set.id))",
                                    output: "L.split",
                                },
                                Cell {
                                    name: "L.Split_right_id.inv",
                                    input: "L.split",
                                    output: "(L.split #1 (L.Set.set #0 L.Set.id))",
                                },
                                Cell {
                                    name: "LC.Left_coact_split.dir",
                                    input: "(LC.coaction #1 (L.split #0 Set.set))",
                                    output: "(LC.coaction #1 (L.Set.set #0 LC.coaction))",
                                },
                                Cell {
                                    name: "LC.Left_coact_split.inv",
                                    input: "(LC.coaction #1 (L.Set.set #0 LC.coaction))",
                                    output: "(LC.coaction #1 (L.split #0 Set.set))",
                                },
                                Cell {
                                    name: "R.Assoc.dir",
                                    input: "(R.split #1 (R.split #0 R.Set.set))",
                                    output: "(R.split #1 (R.Set.set #0 R.split))",
                                },
                                Cell {
                                    name: "R.Assoc.inv",
                                    input: "(R.split #1 (R.Set.set #0 R.split))",
                                    output: "(R.split #1 (R.split #0 R.Set.set))",
                                },
                                Cell {
                                    name: "R.Id_split.dir",
                                    input: "(R.Set.id #1 R.split)",
                                    output: "R.split",
                                },
                                Cell {
                                    name: "R.Id_split.inv",
                                    input: "R.split",
                                    output: "(R.Set.id #1 R.split)",
                                },
                                Cell {
                                    name: "R.Set.Id_id.dir",
                                    input: "(R.Set.id #1 R.Set.id)",
                                    output: "R.Set.id",
                                },
                                Cell {
                                    name: "R.Set.Id_id.inv",
                                    input: "R.Set.id",
                                    output: "(R.Set.id #1 R.Set.id)",
                                },
                                Cell {
                                    name: "R.Split_left_id.dir",
                                    input: "(R.split #1 (R.Set.id #0 R.Set.set))",
                                    output: "R.split",
                                },
                                Cell {
                                    name: "R.Split_left_id.inv",
                                    input: "R.split",
                                    output: "(R.split #1 (R.Set.id #0 R.Set.set))",
                                },
                                Cell {
                                    name: "R.Split_right_id.dir",
                                    input: "(R.split #1 (R.Set.set #0 R.Set.id))",
                                    output: "R.split",
                                },
                                Cell {
                                    name: "R.Split_right_id.inv",
                                    input: "R.split",
                                    output: "(R.split #1 (R.Set.set #0 R.Set.id))",
                                },
                                Cell {
                                    name: "RC.Right_coact_split.dir",
                                    input: "(RC.coaction #1 (Set.set #0 R.split))",
                                    output: "(RC.coaction #1 (RC.coaction #0 R.Set.set))",
                                },
                                Cell {
                                    name: "RC.Right_coact_split.inv",
                                    input: "(RC.coaction #1 (RC.coaction #0 R.Set.set))",
                                    output: "(RC.coaction #1 (Set.set #0 R.split))",
                                },
                                Cell {
                                    name: "Right_coact_left_coact.dir",
                                    input: "(RC.coaction #1 (LC.coaction #0 R.Set.set))",
                                    output: "(LC.coaction #1 (L.Set.set #0 RC.coaction))",
                                },
                                Cell {
                                    name: "Right_coact_left_coact.inv",
                                    input: "(LC.coaction #1 (L.Set.set #0 RC.coaction))",
                                    output: "(RC.coaction #1 (LC.coaction #0 R.Set.set))",
                                },
                                Cell {
                                    name: "Set.Id_id.dir",
                                    input: "(Set.id #1 Set.id)",
                                    output: "Set.id",
                                },
                                Cell {
                                    name: "Set.Id_id.inv",
                                    input: "Set.id",
                                    output: "(Set.id #1 Set.id)",
                                },
                            ],
                        },
                    ],
                    diagrams: [
                        Cell {
                            name: "pt",
                            input: "",
                            output: "",
                        },
                    ],
                    maps: [
                        Map {
                            name: "Bicomodule",
                            domain: "Bicomodule",
                        },
                        Map {
                            name: "L",
                            domain: "Cosemigroup",
                        },
                        Map {
                            name: "LC",
                            domain: "Left_comodule",
                        },
                        Map {
                            name: "R",
                            domain: "Cosemigroup",
                        },
                        Map {
                            name: "RC",
                            domain: "Right_comodule",
                        },
                        Map {
                            name: "Right_coact_left_coact",
                            domain: "Theory.Equation",
                        },
                        Map {
                            name: "Set",
                            domain: "Theory.Set",
                        },
                    ],
                },
            ],
        },
    ],
}
