---
source: tests/golden_examples.rs
assertion_line: 30
expression: "load_example(\"Dblcat.ali\")"
---
Store {
    cells_count: 169,
    types_count: 9,
    modules: [
        Module {
            path: "Dblcat.ali",
            types: [
                Type {
                    name: "",
                    dims: [],
                    diagrams: [],
                    maps: [],
                },
                Type {
                    name: "Eq",
                    dims: [
                        Dim {
                            dim: 0,
                            cells: [
                                Cell {
                                    name: "cod",
                                    input: "",
                                    output: "",
                                },
                                Cell {
                                    name: "dom",
                                    input: "",
                                    output: "",
                                },
                            ],
                        },
                        Dim {
                            dim: 1,
                            cells: [
                                Cell {
                                    name: "lhs",
                                    input: "dom",
                                    output: "cod",
                                },
                                Cell {
                                    name: "rhs",
                                    input: "dom",
                                    output: "cod",
                                },
                            ],
                        },
                        Dim {
                            dim: 2,
                            cells: [
                                Cell {
                                    name: "dir",
                                    input: "lhs",
                                    output: "rhs",
                                },
                                Cell {
                                    name: "inv",
                                    input: "rhs",
                                    output: "lhs",
                                },
                            ],
                        },
                    ],
                    diagrams: [
                        Cell {
                            name: "cod",
                            input: "",
                            output: "",
                        },
                        Cell {
                            name: "dir",
                            input: "lhs",
                            output: "rhs",
                        },
                        Cell {
                            name: "dom",
                            input: "",
                            output: "",
                        },
                        Cell {
                            name: "inv",
                            input: "rhs",
                            output: "lhs",
                        },
                        Cell {
                            name: "lhs",
                            input: "dom",
                            output: "cod",
                        },
                        Cell {
                            name: "rhs",
                            input: "dom",
                            output: "cod",
                        },
                    ],
                    maps: [
                        Map {
                            name: "Eq",
                            domain: "Eq",
                            holes: [],
                        },
                    ],
                },
                Type {
                    name: "Ob",
                    dims: [
                        Dim {
                            dim: 0,
                            cells: [
                                Cell {
                                    name: "ob",
                                    input: "",
                                    output: "",
                                },
                            ],
                        },
                        Dim {
                            dim: 1,
                            cells: [
                                Cell {
                                    name: "loose_id",
                                    input: "ob",
                                    output: "ob",
                                },
                                Cell {
                                    name: "tight_id",
                                    input: "ob",
                                    output: "ob",
                                },
                            ],
                        },
                        Dim {
                            dim: 2,
                            cells: [
                                Cell {
                                    name: "Tight_id_id.dir",
                                    input: "(tight_id #0 tight_id)",
                                    output: "tight_id",
                                },
                                Cell {
                                    name: "Tight_id_id.inv",
                                    input: "tight_id",
                                    output: "(tight_id #0 tight_id)",
                                },
                                Cell {
                                    name: "id_square",
                                    input: "(loose_id #0 tight_id)",
                                    output: "(tight_id #0 loose_id)",
                                },
                            ],
                        },
                    ],
                    diagrams: [
                        Cell {
                            name: "id_square",
                            input: "(loose_id #0 tight_id)",
                            output: "(tight_id #0 loose_id)",
                        },
                        Cell {
                            name: "loose_id",
                            input: "ob",
                            output: "ob",
                        },
                        Cell {
                            name: "ob",
                            input: "",
                            output: "",
                        },
                        Cell {
                            name: "tight_id",
                            input: "ob",
                            output: "ob",
                        },
                    ],
                    maps: [
                        Map {
                            name: "Id_square",
                            domain: "Square",
                            holes: [],
                        },
                        Map {
                            name: "Loose_id",
                            domain: "Loose",
                            holes: [],
                        },
                        Map {
                            name: "Ob",
                            domain: "Ob",
                            holes: [],
                        },
                        Map {
                            name: "Tight_id",
                            domain: "Tight",
                            holes: [],
                        },
                        Map {
                            name: "Tight_id_id",
                            domain: "Eq",
                            holes: [],
                        },
                    ],
                },
                Type {
                    name: "Tight",
                    dims: [
                        Dim {
                            dim: 0,
                            cells: [
                                Cell {
                                    name: "Cod.ob",
                                    input: "",
                                    output: "",
                                },
                                Cell {
                                    name: "Dom.ob",
                                    input: "",
                                    output: "",
                                },
                            ],
                        },
                        Dim {
                            dim: 1,
                            cells: [
                                Cell {
                                    name: "Cod.loose_id",
                                    input: "Cod.ob",
                                    output: "Cod.ob",
                                },
                                Cell {
                                    name: "Cod.tight_id",
                                    input: "Cod.ob",
                                    output: "Cod.ob",
                                },
                                Cell {
                                    name: "Dom.loose_id",
                                    input: "Dom.ob",
                                    output: "Dom.ob",
                                },
                                Cell {
                                    name: "Dom.tight_id",
                                    input: "Dom.ob",
                                    output: "Dom.ob",
                                },
                                Cell {
                                    name: "arrow",
                                    input: "Dom.ob",
                                    output: "Cod.ob",
                                },
                            ],
                        },
                        Dim {
                            dim: 2,
                            cells: [
                                Cell {
                                    name: "Cod.Tight_id_id.dir",
                                    input: "(Cod.tight_id #0 Cod.tight_id)",
                                    output: "Cod.tight_id",
                                },
                                Cell {
                                    name: "Cod.Tight_id_id.inv",
                                    input: "Cod.tight_id",
                                    output: "(Cod.tight_id #0 Cod.tight_id)",
                                },
                                Cell {
                                    name: "Cod.id_square",
                                    input: "(Cod.loose_id #0 Cod.tight_id)",
                                    output: "(Cod.tight_id #0 Cod.loose_id)",
                                },
                                Cell {
                                    name: "Dom.Tight_id_id.dir",
                                    input: "(Dom.tight_id #0 Dom.tight_id)",
                                    output: "Dom.tight_id",
                                },
                                Cell {
                                    name: "Dom.Tight_id_id.inv",
                                    input: "Dom.tight_id",
                                    output: "(Dom.tight_id #0 Dom.tight_id)",
                                },
                                Cell {
                                    name: "Dom.id_square",
                                    input: "(Dom.loose_id #0 Dom.tight_id)",
                                    output: "(Dom.tight_id #0 Dom.loose_id)",
                                },
                                Cell {
                                    name: "id",
                                    input: "(Dom.loose_id #0 arrow)",
                                    output: "(arrow #0 Cod.loose_id)",
                                },
                            ],
                        },
                    ],
                    diagrams: [
                        Cell {
                            name: "arrow",
                            input: "Dom.ob",
                            output: "Cod.ob",
                        },
                        Cell {
                            name: "id",
                            input: "(Dom.loose_id #0 arrow)",
                            output: "(arrow #0 Cod.loose_id)",
                        },
                    ],
                    maps: [
                        Map {
                            name: "Cod",
                            domain: "Ob",
                            holes: [],
                        },
                        Map {
                            name: "Dom",
                            domain: "Ob",
                            holes: [],
                        },
                        Map {
                            name: "Id",
                            domain: "Square",
                            holes: [],
                        },
                        Map {
                            name: "Tight",
                            domain: "Tight",
                            holes: [],
                        },
                    ],
                },
                Type {
                    name: "Loose",
                    dims: [
                        Dim {
                            dim: 0,
                            cells: [
                                Cell {
                                    name: "Cod.ob",
                                    input: "",
                                    output: "",
                                },
                                Cell {
                                    name: "Dom.ob",
                                    input: "",
                                    output: "",
                                },
                            ],
                        },
                        Dim {
                            dim: 1,
                            cells: [
                                Cell {
                                    name: "Cod.loose_id",
                                    input: "Cod.ob",
                                    output: "Cod.ob",
                                },
                                Cell {
                                    name: "Cod.tight_id",
                                    input: "Cod.ob",
                                    output: "Cod.ob",
                                },
                                Cell {
                                    name: "Dom.loose_id",
                                    input: "Dom.ob",
                                    output: "Dom.ob",
                                },
                                Cell {
                                    name: "Dom.tight_id",
                                    input: "Dom.ob",
                                    output: "Dom.ob",
                                },
                                Cell {
                                    name: "arrow",
                                    input: "Dom.ob",
                                    output: "Cod.ob",
                                },
                            ],
                        },
                        Dim {
                            dim: 2,
                            cells: [
                                Cell {
                                    name: "Cod.Tight_id_id.dir",
                                    input: "(Cod.tight_id #0 Cod.tight_id)",
                                    output: "Cod.tight_id",
                                },
                                Cell {
                                    name: "Cod.Tight_id_id.inv",
                                    input: "Cod.tight_id",
                                    output: "(Cod.tight_id #0 Cod.tight_id)",
                                },
                                Cell {
                                    name: "Cod.id_square",
                                    input: "(Cod.loose_id #0 Cod.tight_id)",
                                    output: "(Cod.tight_id #0 Cod.loose_id)",
                                },
                                Cell {
                                    name: "Dom.Tight_id_id.dir",
                                    input: "(Dom.tight_id #0 Dom.tight_id)",
                                    output: "Dom.tight_id",
                                },
                                Cell {
                                    name: "Dom.Tight_id_id.inv",
                                    input: "Dom.tight_id",
                                    output: "(Dom.tight_id #0 Dom.tight_id)",
                                },
                                Cell {
                                    name: "Dom.id_square",
                                    input: "(Dom.loose_id #0 Dom.tight_id)",
                                    output: "(Dom.tight_id #0 Dom.loose_id)",
                                },
                                Cell {
                                    name: "id",
                                    input: "(arrow #0 Cod.tight_id)",
                                    output: "(Dom.tight_id #0 arrow)",
                                },
                            ],
                        },
                    ],
                    diagrams: [
                        Cell {
                            name: "arrow",
                            input: "Dom.ob",
                            output: "Cod.ob",
                        },
                        Cell {
                            name: "id",
                            input: "(arrow #0 Cod.tight_id)",
                            output: "(Dom.tight_id #0 arrow)",
                        },
                    ],
                    maps: [
                        Map {
                            name: "Cod",
                            domain: "Ob",
                            holes: [],
                        },
                        Map {
                            name: "Dom",
                            domain: "Ob",
                            holes: [],
                        },
                        Map {
                            name: "Id",
                            domain: "Square",
                            holes: [],
                        },
                        Map {
                            name: "Loose",
                            domain: "Loose",
                            holes: [],
                        },
                    ],
                },
                Type {
                    name: "Square",
                    dims: [
                        Dim {
                            dim: 0,
                            cells: [
                                Cell {
                                    name: "BL.ob",
                                    input: "",
                                    output: "",
                                },
                                Cell {
                                    name: "BR.ob",
                                    input: "",
                                    output: "",
                                },
                                Cell {
                                    name: "TL.ob",
                                    input: "",
                                    output: "",
                                },
                                Cell {
                                    name: "TR.ob",
                                    input: "",
                                    output: "",
                                },
                            ],
                        },
                        Dim {
                            dim: 1,
                            cells: [
                                Cell {
                                    name: "BL.loose_id",
                                    input: "BL.ob",
                                    output: "BL.ob",
                                },
                                Cell {
                                    name: "BL.tight_id",
                                    input: "BL.ob",
                                    output: "BL.ob",
                                },
                                Cell {
                                    name: "BR.loose_id",
                                    input: "BR.ob",
                                    output: "BR.ob",
                                },
                                Cell {
                                    name: "BR.tight_id",
                                    input: "BR.ob",
                                    output: "BR.ob",
                                },
                                Cell {
                                    name: "Bottom.arrow",
                                    input: "BL.ob",
                                    output: "BR.ob",
                                },
                                Cell {
                                    name: "Left.arrow",
                                    input: "TL.ob",
                                    output: "BL.ob",
                                },
                                Cell {
                                    name: "Right.arrow",
                                    input: "TR.ob",
                                    output: "BR.ob",
                                },
                                Cell {
                                    name: "TL.loose_id",
                                    input: "TL.ob",
                                    output: "TL.ob",
                                },
                                Cell {
                                    name: "TL.tight_id",
                                    input: "TL.ob",
                                    output: "TL.ob",
                                },
                                Cell {
                                    name: "TR.loose_id",
                                    input: "TR.ob",
                                    output: "TR.ob",
                                },
                                Cell {
                                    name: "TR.tight_id",
                                    input: "TR.ob",
                                    output: "TR.ob",
                                },
                                Cell {
                                    name: "Top.arrow",
                                    input: "TL.ob",
                                    output: "TR.ob",
                                },
                            ],
                        },
                        Dim {
                            dim: 2,
                            cells: [
                                Cell {
                                    name: "BL.Tight_id_id.dir",
                                    input: "(BL.tight_id #0 BL.tight_id)",
                                    output: "BL.tight_id",
                                },
                                Cell {
                                    name: "BL.Tight_id_id.inv",
                                    input: "BL.tight_id",
                                    output: "(BL.tight_id #0 BL.tight_id)",
                                },
                                Cell {
                                    name: "BL.id_square",
                                    input: "(BL.loose_id #0 BL.tight_id)",
                                    output: "(BL.tight_id #0 BL.loose_id)",
                                },
                                Cell {
                                    name: "BR.Tight_id_id.dir",
                                    input: "(BR.tight_id #0 BR.tight_id)",
                                    output: "BR.tight_id",
                                },
                                Cell {
                                    name: "BR.Tight_id_id.inv",
                                    input: "BR.tight_id",
                                    output: "(BR.tight_id #0 BR.tight_id)",
                                },
                                Cell {
                                    name: "BR.id_square",
                                    input: "(BR.loose_id #0 BR.tight_id)",
                                    output: "(BR.tight_id #0 BR.loose_id)",
                                },
                                Cell {
                                    name: "Bottom.id",
                                    input: "(Bottom.arrow #0 BR.tight_id)",
                                    output: "(BL.tight_id #0 Bottom.arrow)",
                                },
                                Cell {
                                    name: "Left.id",
                                    input: "(TL.loose_id #0 Left.arrow)",
                                    output: "(Left.arrow #0 BL.loose_id)",
                                },
                                Cell {
                                    name: "Right.id",
                                    input: "(TR.loose_id #0 Right.arrow)",
                                    output: "(Right.arrow #0 BR.loose_id)",
                                },
                                Cell {
                                    name: "TL.Tight_id_id.dir",
                                    input: "(TL.tight_id #0 TL.tight_id)",
                                    output: "TL.tight_id",
                                },
                                Cell {
                                    name: "TL.Tight_id_id.inv",
                                    input: "TL.tight_id",
                                    output: "(TL.tight_id #0 TL.tight_id)",
                                },
                                Cell {
                                    name: "TL.id_square",
                                    input: "(TL.loose_id #0 TL.tight_id)",
                                    output: "(TL.tight_id #0 TL.loose_id)",
                                },
                                Cell {
                                    name: "TR.Tight_id_id.dir",
                                    input: "(TR.tight_id #0 TR.tight_id)",
                                    output: "TR.tight_id",
                                },
                                Cell {
                                    name: "TR.Tight_id_id.inv",
                                    input: "TR.tight_id",
                                    output: "(TR.tight_id #0 TR.tight_id)",
                                },
                                Cell {
                                    name: "TR.id_square",
                                    input: "(TR.loose_id #0 TR.tight_id)",
                                    output: "(TR.tight_id #0 TR.loose_id)",
                                },
                                Cell {
                                    name: "Top.id",
                                    input: "(Top.arrow #0 TR.tight_id)",
                                    output: "(TL.tight_id #0 Top.arrow)",
                                },
                                Cell {
                                    name: "square",
                                    input: "(Top.arrow #0 Right.arrow)",
                                    output: "(Left.arrow #0 Bottom.arrow)",
                                },
                            ],
                        },
                    ],
                    diagrams: [
                        Cell {
                            name: "square",
                            input: "(Top.arrow #0 Right.arrow)",
                            output: "(Left.arrow #0 Bottom.arrow)",
                        },
                    ],
                    maps: [
                        Map {
                            name: "BL",
                            domain: "Ob",
                            holes: [],
                        },
                        Map {
                            name: "BR",
                            domain: "Ob",
                            holes: [],
                        },
                        Map {
                            name: "Bottom",
                            domain: "Loose",
                            holes: [],
                        },
                        Map {
                            name: "Left",
                            domain: "Tight",
                            holes: [],
                        },
                        Map {
                            name: "Right",
                            domain: "Tight",
                            holes: [],
                        },
                        Map {
                            name: "Square",
                            domain: "Square",
                            holes: [],
                        },
                        Map {
                            name: "TL",
                            domain: "Ob",
                            holes: [],
                        },
                        Map {
                            name: "TR",
                            domain: "Ob",
                            holes: [],
                        },
                        Map {
                            name: "Top",
                            domain: "Loose",
                            holes: [],
                        },
                    ],
                },
                Type {
                    name: "Tight_pair",
                    dims: [
                        Dim {
                            dim: 0,
                            cells: [
                                Cell {
                                    name: "Fst.Cod.ob",
                                    input: "",
                                    output: "",
                                },
                                Cell {
                                    name: "Fst.Dom.ob",
                                    input: "",
                                    output: "",
                                },
                                Cell {
                                    name: "Snd.Cod.ob",
                                    input: "",
                                    output: "",
                                },
                            ],
                        },
                        Dim {
                            dim: 1,
                            cells: [
                                Cell {
                                    name: "Fst.Cod.loose_id",
                                    input: "Fst.Cod.ob",
                                    output: "Fst.Cod.ob",
                                },
                                Cell {
                                    name: "Fst.Cod.tight_id",
                                    input: "Fst.Cod.ob",
                                    output: "Fst.Cod.ob",
                                },
                                Cell {
                                    name: "Fst.Dom.loose_id",
                                    input: "Fst.Dom.ob",
                                    output: "Fst.Dom.ob",
                                },
                                Cell {
                                    name: "Fst.Dom.tight_id",
                                    input: "Fst.Dom.ob",
                                    output: "Fst.Dom.ob",
                                },
                                Cell {
                                    name: "Fst.arrow",
                                    input: "Fst.Dom.ob",
                                    output: "Fst.Cod.ob",
                                },
                                Cell {
                                    name: "Snd.Cod.loose_id",
                                    input: "Snd.Cod.ob",
                                    output: "Snd.Cod.ob",
                                },
                                Cell {
                                    name: "Snd.Cod.tight_id",
                                    input: "Snd.Cod.ob",
                                    output: "Snd.Cod.ob",
                                },
                                Cell {
                                    name: "Snd.arrow",
                                    input: "Fst.Cod.ob",
                                    output: "Snd.Cod.ob",
                                },
                            ],
                        },
                        Dim {
                            dim: 2,
                            cells: [
                                Cell {
                                    name: "Fst.Cod.Tight_id_id.dir",
                                    input: "(Fst.Cod.tight_id #0 Fst.Cod.tight_id)",
                                    output: "Fst.Cod.tight_id",
                                },
                                Cell {
                                    name: "Fst.Cod.Tight_id_id.inv",
                                    input: "Fst.Cod.tight_id",
                                    output: "(Fst.Cod.tight_id #0 Fst.Cod.tight_id)",
                                },
                                Cell {
                                    name: "Fst.Cod.id_square",
                                    input: "(Fst.Cod.loose_id #0 Fst.Cod.tight_id)",
                                    output: "(Fst.Cod.tight_id #0 Fst.Cod.loose_id)",
                                },
                                Cell {
                                    name: "Fst.Dom.Tight_id_id.dir",
                                    input: "(Fst.Dom.tight_id #0 Fst.Dom.tight_id)",
                                    output: "Fst.Dom.tight_id",
                                },
                                Cell {
                                    name: "Fst.Dom.Tight_id_id.inv",
                                    input: "Fst.Dom.tight_id",
                                    output: "(Fst.Dom.tight_id #0 Fst.Dom.tight_id)",
                                },
                                Cell {
                                    name: "Fst.Dom.id_square",
                                    input: "(Fst.Dom.loose_id #0 Fst.Dom.tight_id)",
                                    output: "(Fst.Dom.tight_id #0 Fst.Dom.loose_id)",
                                },
                                Cell {
                                    name: "Fst.id",
                                    input: "(Fst.Dom.loose_id #0 Fst.arrow)",
                                    output: "(Fst.arrow #0 Fst.Cod.loose_id)",
                                },
                                Cell {
                                    name: "Snd.Cod.Tight_id_id.dir",
                                    input: "(Snd.Cod.tight_id #0 Snd.Cod.tight_id)",
                                    output: "Snd.Cod.tight_id",
                                },
                                Cell {
                                    name: "Snd.Cod.Tight_id_id.inv",
                                    input: "Snd.Cod.tight_id",
                                    output: "(Snd.Cod.tight_id #0 Snd.Cod.tight_id)",
                                },
                                Cell {
                                    name: "Snd.Cod.id_square",
                                    input: "(Snd.Cod.loose_id #0 Snd.Cod.tight_id)",
                                    output: "(Snd.Cod.tight_id #0 Snd.Cod.loose_id)",
                                },
                                Cell {
                                    name: "Snd.id",
                                    input: "(Fst.Cod.loose_id #0 Snd.arrow)",
                                    output: "(Snd.arrow #0 Snd.Cod.loose_id)",
                                },
                            ],
                        },
                    ],
                    diagrams: [],
                    maps: [
                        Map {
                            name: "Compose",
                            domain: "Tight",
                            holes: [],
                        },
                        Map {
                            name: "Fst",
                            domain: "Tight",
                            holes: [],
                        },
                        Map {
                            name: "Snd",
                            domain: "Tight",
                            holes: [],
                        },
                        Map {
                            name: "Tight_pair",
                            domain: "Tight_pair",
                            holes: [],
                        },
                    ],
                },
                Type {
                    name: "Loose_pair",
                    dims: [
                        Dim {
                            dim: 0,
                            cells: [
                                Cell {
                                    name: "Fst.Cod.ob",
                                    input: "",
                                    output: "",
                                },
                                Cell {
                                    name: "Fst.Dom.ob",
                                    input: "",
                                    output: "",
                                },
                                Cell {
                                    name: "Snd.Cod.ob",
                                    input: "",
                                    output: "",
                                },
                            ],
                        },
                        Dim {
                            dim: 1,
                            cells: [
                                Cell {
                                    name: "Fst.Cod.loose_id",
                                    input: "Fst.Cod.ob",
                                    output: "Fst.Cod.ob",
                                },
                                Cell {
                                    name: "Fst.Cod.tight_id",
                                    input: "Fst.Cod.ob",
                                    output: "Fst.Cod.ob",
                                },
                                Cell {
                                    name: "Fst.Dom.loose_id",
                                    input: "Fst.Dom.ob",
                                    output: "Fst.Dom.ob",
                                },
                                Cell {
                                    name: "Fst.Dom.tight_id",
                                    input: "Fst.Dom.ob",
                                    output: "Fst.Dom.ob",
                                },
                                Cell {
                                    name: "Fst.arrow",
                                    input: "Fst.Dom.ob",
                                    output: "Fst.Cod.ob",
                                },
                                Cell {
                                    name: "Snd.Cod.loose_id",
                                    input: "Snd.Cod.ob",
                                    output: "Snd.Cod.ob",
                                },
                                Cell {
                                    name: "Snd.Cod.tight_id",
                                    input: "Snd.Cod.ob",
                                    output: "Snd.Cod.ob",
                                },
                                Cell {
                                    name: "Snd.arrow",
                                    input: "Fst.Cod.ob",
                                    output: "Snd.Cod.ob",
                                },
                            ],
                        },
                        Dim {
                            dim: 2,
                            cells: [
                                Cell {
                                    name: "Fst.Cod.Tight_id_id.dir",
                                    input: "(Fst.Cod.tight_id #0 Fst.Cod.tight_id)",
                                    output: "Fst.Cod.tight_id",
                                },
                                Cell {
                                    name: "Fst.Cod.Tight_id_id.inv",
                                    input: "Fst.Cod.tight_id",
                                    output: "(Fst.Cod.tight_id #0 Fst.Cod.tight_id)",
                                },
                                Cell {
                                    name: "Fst.Cod.id_square",
                                    input: "(Fst.Cod.loose_id #0 Fst.Cod.tight_id)",
                                    output: "(Fst.Cod.tight_id #0 Fst.Cod.loose_id)",
                                },
                                Cell {
                                    name: "Fst.Dom.Tight_id_id.dir",
                                    input: "(Fst.Dom.tight_id #0 Fst.Dom.tight_id)",
                                    output: "Fst.Dom.tight_id",
                                },
                                Cell {
                                    name: "Fst.Dom.Tight_id_id.inv",
                                    input: "Fst.Dom.tight_id",
                                    output: "(Fst.Dom.tight_id #0 Fst.Dom.tight_id)",
                                },
                                Cell {
                                    name: "Fst.Dom.id_square",
                                    input: "(Fst.Dom.loose_id #0 Fst.Dom.tight_id)",
                                    output: "(Fst.Dom.tight_id #0 Fst.Dom.loose_id)",
                                },
                                Cell {
                                    name: "Fst.id",
                                    input: "(Fst.arrow #0 Fst.Cod.tight_id)",
                                    output: "(Fst.Dom.tight_id #0 Fst.arrow)",
                                },
                                Cell {
                                    name: "Snd.Cod.Tight_id_id.dir",
                                    input: "(Snd.Cod.tight_id #0 Snd.Cod.tight_id)",
                                    output: "Snd.Cod.tight_id",
                                },
                                Cell {
                                    name: "Snd.Cod.Tight_id_id.inv",
                                    input: "Snd.Cod.tight_id",
                                    output: "(Snd.Cod.tight_id #0 Snd.Cod.tight_id)",
                                },
                                Cell {
                                    name: "Snd.Cod.id_square",
                                    input: "(Snd.Cod.loose_id #0 Snd.Cod.tight_id)",
                                    output: "(Snd.Cod.tight_id #0 Snd.Cod.loose_id)",
                                },
                                Cell {
                                    name: "Snd.id",
                                    input: "(Snd.arrow #0 Snd.Cod.tight_id)",
                                    output: "(Fst.Cod.tight_id #0 Snd.arrow)",
                                },
                            ],
                        },
                    ],
                    diagrams: [],
                    maps: [
                        Map {
                            name: "Compose",
                            domain: "Loose",
                            holes: [],
                        },
                        Map {
                            name: "Fst",
                            domain: "Loose",
                            holes: [],
                        },
                        Map {
                            name: "Loose_pair",
                            domain: "Loose_pair",
                            holes: [],
                        },
                        Map {
                            name: "Snd",
                            domain: "Loose",
                            holes: [],
                        },
                    ],
                },
                Type {
                    name: "H_Pair",
                    dims: [
                        Dim {
                            dim: 0,
                            cells: [
                                Cell {
                                    name: "Fst.BL.ob",
                                    input: "",
                                    output: "",
                                },
                                Cell {
                                    name: "Fst.BR.ob",
                                    input: "",
                                    output: "",
                                },
                                Cell {
                                    name: "Fst.TL.ob",
                                    input: "",
                                    output: "",
                                },
                                Cell {
                                    name: "Fst.TR.ob",
                                    input: "",
                                    output: "",
                                },
                                Cell {
                                    name: "Snd.BR.ob",
                                    input: "",
                                    output: "",
                                },
                                Cell {
                                    name: "Snd.TR.ob",
                                    input: "",
                                    output: "",
                                },
                            ],
                        },
                        Dim {
                            dim: 1,
                            cells: [
                                Cell {
                                    name: "Fst.BL.loose_id",
                                    input: "Fst.BL.ob",
                                    output: "Fst.BL.ob",
                                },
                                Cell {
                                    name: "Fst.BL.tight_id",
                                    input: "Fst.BL.ob",
                                    output: "Fst.BL.ob",
                                },
                                Cell {
                                    name: "Fst.BR.loose_id",
                                    input: "Fst.BR.ob",
                                    output: "Fst.BR.ob",
                                },
                                Cell {
                                    name: "Fst.BR.tight_id",
                                    input: "Fst.BR.ob",
                                    output: "Fst.BR.ob",
                                },
                                Cell {
                                    name: "Fst.Bottom.arrow",
                                    input: "Fst.BL.ob",
                                    output: "Fst.BR.ob",
                                },
                                Cell {
                                    name: "Fst.Left.arrow",
                                    input: "Fst.TL.ob",
                                    output: "Fst.BL.ob",
                                },
                                Cell {
                                    name: "Fst.Right.arrow",
                                    input: "Fst.TR.ob",
                                    output: "Fst.BR.ob",
                                },
                                Cell {
                                    name: "Fst.TL.loose_id",
                                    input: "Fst.TL.ob",
                                    output: "Fst.TL.ob",
                                },
                                Cell {
                                    name: "Fst.TL.tight_id",
                                    input: "Fst.TL.ob",
                                    output: "Fst.TL.ob",
                                },
                                Cell {
                                    name: "Fst.TR.loose_id",
                                    input: "Fst.TR.ob",
                                    output: "Fst.TR.ob",
                                },
                                Cell {
                                    name: "Fst.TR.tight_id",
                                    input: "Fst.TR.ob",
                                    output: "Fst.TR.ob",
                                },
                                Cell {
                                    name: "Fst.Top.arrow",
                                    input: "Fst.TL.ob",
                                    output: "Fst.TR.ob",
                                },
                                Cell {
                                    name: "Snd.BR.loose_id",
                                    input: "Snd.BR.ob",
                                    output: "Snd.BR.ob",
                                },
                                Cell {
                                    name: "Snd.BR.tight_id",
                                    input: "Snd.BR.ob",
                                    output: "Snd.BR.ob",
                                },
                                Cell {
                                    name: "Snd.Bottom.arrow",
                                    input: "Fst.BR.ob",
                                    output: "Snd.BR.ob",
                                },
                                Cell {
                                    name: "Snd.Right.arrow",
                                    input: "Snd.TR.ob",
                                    output: "Snd.BR.ob",
                                },
                                Cell {
                                    name: "Snd.TR.loose_id",
                                    input: "Snd.TR.ob",
                                    output: "Snd.TR.ob",
                                },
                                Cell {
                                    name: "Snd.TR.tight_id",
                                    input: "Snd.TR.ob",
                                    output: "Snd.TR.ob",
                                },
                                Cell {
                                    name: "Snd.Top.arrow",
                                    input: "Fst.TR.ob",
                                    output: "Snd.TR.ob",
                                },
                            ],
                        },
                        Dim {
                            dim: 2,
                            cells: [
                                Cell {
                                    name: "Fst.BL.Tight_id_id.dir",
                                    input: "(Fst.BL.tight_id #0 Fst.BL.tight_id)",
                                    output: "Fst.BL.tight_id",
                                },
                                Cell {
                                    name: "Fst.BL.Tight_id_id.inv",
                                    input: "Fst.BL.tight_id",
                                    output: "(Fst.BL.tight_id #0 Fst.BL.tight_id)",
                                },
                                Cell {
                                    name: "Fst.BL.id_square",
                                    input: "(Fst.BL.loose_id #0 Fst.BL.tight_id)",
                                    output: "(Fst.BL.tight_id #0 Fst.BL.loose_id)",
                                },
                                Cell {
                                    name: "Fst.BR.Tight_id_id.dir",
                                    input: "(Fst.BR.tight_id #0 Fst.BR.tight_id)",
                                    output: "Fst.BR.tight_id",
                                },
                                Cell {
                                    name: "Fst.BR.Tight_id_id.inv",
                                    input: "Fst.BR.tight_id",
                                    output: "(Fst.BR.tight_id #0 Fst.BR.tight_id)",
                                },
                                Cell {
                                    name: "Fst.BR.id_square",
                                    input: "(Fst.BR.loose_id #0 Fst.BR.tight_id)",
                                    output: "(Fst.BR.tight_id #0 Fst.BR.loose_id)",
                                },
                                Cell {
                                    name: "Fst.Bottom.id",
                                    input: "(Fst.Bottom.arrow #0 Fst.BR.tight_id)",
                                    output: "(Fst.BL.tight_id #0 Fst.Bottom.arrow)",
                                },
                                Cell {
                                    name: "Fst.Left.id",
                                    input: "(Fst.TL.loose_id #0 Fst.Left.arrow)",
                                    output: "(Fst.Left.arrow #0 Fst.BL.loose_id)",
                                },
                                Cell {
                                    name: "Fst.Right.id",
                                    input: "(Fst.TR.loose_id #0 Fst.Right.arrow)",
                                    output: "(Fst.Right.arrow #0 Fst.BR.loose_id)",
                                },
                                Cell {
                                    name: "Fst.TL.Tight_id_id.dir",
                                    input: "(Fst.TL.tight_id #0 Fst.TL.tight_id)",
                                    output: "Fst.TL.tight_id",
                                },
                                Cell {
                                    name: "Fst.TL.Tight_id_id.inv",
                                    input: "Fst.TL.tight_id",
                                    output: "(Fst.TL.tight_id #0 Fst.TL.tight_id)",
                                },
                                Cell {
                                    name: "Fst.TL.id_square",
                                    input: "(Fst.TL.loose_id #0 Fst.TL.tight_id)",
                                    output: "(Fst.TL.tight_id #0 Fst.TL.loose_id)",
                                },
                                Cell {
                                    name: "Fst.TR.Tight_id_id.dir",
                                    input: "(Fst.TR.tight_id #0 Fst.TR.tight_id)",
                                    output: "Fst.TR.tight_id",
                                },
                                Cell {
                                    name: "Fst.TR.Tight_id_id.inv",
                                    input: "Fst.TR.tight_id",
                                    output: "(Fst.TR.tight_id #0 Fst.TR.tight_id)",
                                },
                                Cell {
                                    name: "Fst.TR.id_square",
                                    input: "(Fst.TR.loose_id #0 Fst.TR.tight_id)",
                                    output: "(Fst.TR.tight_id #0 Fst.TR.loose_id)",
                                },
                                Cell {
                                    name: "Fst.Top.id",
                                    input: "(Fst.Top.arrow #0 Fst.TR.tight_id)",
                                    output: "(Fst.TL.tight_id #0 Fst.Top.arrow)",
                                },
                                Cell {
                                    name: "Fst.square",
                                    input: "(Fst.Top.arrow #0 Fst.Right.arrow)",
                                    output: "(Fst.Left.arrow #0 Fst.Bottom.arrow)",
                                },
                                Cell {
                                    name: "Snd.BR.Tight_id_id.dir",
                                    input: "(Snd.BR.tight_id #0 Snd.BR.tight_id)",
                                    output: "Snd.BR.tight_id",
                                },
                                Cell {
                                    name: "Snd.BR.Tight_id_id.inv",
                                    input: "Snd.BR.tight_id",
                                    output: "(Snd.BR.tight_id #0 Snd.BR.tight_id)",
                                },
                                Cell {
                                    name: "Snd.BR.id_square",
                                    input: "(Snd.BR.loose_id #0 Snd.BR.tight_id)",
                                    output: "(Snd.BR.tight_id #0 Snd.BR.loose_id)",
                                },
                                Cell {
                                    name: "Snd.Bottom.id",
                                    input: "(Snd.Bottom.arrow #0 Snd.BR.tight_id)",
                                    output: "(Fst.BR.tight_id #0 Snd.Bottom.arrow)",
                                },
                                Cell {
                                    name: "Snd.Right.id",
                                    input: "(Snd.TR.loose_id #0 Snd.Right.arrow)",
                                    output: "(Snd.Right.arrow #0 Snd.BR.loose_id)",
                                },
                                Cell {
                                    name: "Snd.TR.Tight_id_id.dir",
                                    input: "(Snd.TR.tight_id #0 Snd.TR.tight_id)",
                                    output: "Snd.TR.tight_id",
                                },
                                Cell {
                                    name: "Snd.TR.Tight_id_id.inv",
                                    input: "Snd.TR.tight_id",
                                    output: "(Snd.TR.tight_id #0 Snd.TR.tight_id)",
                                },
                                Cell {
                                    name: "Snd.TR.id_square",
                                    input: "(Snd.TR.loose_id #0 Snd.TR.tight_id)",
                                    output: "(Snd.TR.tight_id #0 Snd.TR.loose_id)",
                                },
                                Cell {
                                    name: "Snd.Top.id",
                                    input: "(Snd.Top.arrow #0 Snd.TR.tight_id)",
                                    output: "(Fst.TR.tight_id #0 Snd.Top.arrow)",
                                },
                                Cell {
                                    name: "Snd.square",
                                    input: "(Snd.Top.arrow #0 Snd.Right.arrow)",
                                    output: "(Fst.Right.arrow #0 Snd.Bottom.arrow)",
                                },
                            ],
                        },
                    ],
                    diagrams: [],
                    maps: [
                        Map {
                            name: "Compose",
                            domain: "Square",
                            holes: [],
                        },
                        Map {
                            name: "Fst",
                            domain: "Square",
                            holes: [],
                        },
                        Map {
                            name: "H_Pair",
                            domain: "H_Pair",
                            holes: [],
                        },
                        Map {
                            name: "Snd",
                            domain: "Square",
                            holes: [],
                        },
                    ],
                },
            ],
        },
    ],
}
