---
source: tests/golden_examples.rs
expression: "load_example(\"Category.ali\")"
---
Store {
    cells_count: 45,
    types_count: 5,
    modules: [
        Module {
            path: "Category.ali",
            types: [
                Type {
                    name: "",
                    dims: [],
                    diagrams: [],
                    maps: [],
                },
                Type {
                    name: "Eq",
                    dims: [
                        Dim {
                            dim: 0,
                            cells: [
                                Cell {
                                    name: "cod",
                                    src: "",
                                    tgt: "",
                                },
                                Cell {
                                    name: "dom",
                                    src: "",
                                    tgt: "",
                                },
                            ],
                        },
                        Dim {
                            dim: 1,
                            cells: [
                                Cell {
                                    name: "lhs",
                                    src: "dom",
                                    tgt: "cod",
                                },
                                Cell {
                                    name: "rhs",
                                    src: "dom",
                                    tgt: "cod",
                                },
                            ],
                        },
                        Dim {
                            dim: 2,
                            cells: [
                                Cell {
                                    name: "dir",
                                    src: "lhs",
                                    tgt: "rhs",
                                },
                                Cell {
                                    name: "inv",
                                    src: "rhs",
                                    tgt: "lhs",
                                },
                            ],
                        },
                    ],
                    diagrams: [
                        Cell {
                            name: "cod",
                            src: "",
                            tgt: "",
                        },
                        Cell {
                            name: "dir",
                            src: "lhs",
                            tgt: "rhs",
                        },
                        Cell {
                            name: "dom",
                            src: "",
                            tgt: "",
                        },
                        Cell {
                            name: "inv",
                            src: "rhs",
                            tgt: "lhs",
                        },
                        Cell {
                            name: "lhs",
                            src: "dom",
                            tgt: "cod",
                        },
                        Cell {
                            name: "rhs",
                            src: "dom",
                            tgt: "cod",
                        },
                    ],
                    maps: [
                        Map {
                            name: "Eq",
                            domain: "Eq",
                        },
                    ],
                },
                Type {
                    name: "Ob",
                    dims: [
                        Dim {
                            dim: 0,
                            cells: [
                                Cell {
                                    name: "ob",
                                    src: "",
                                    tgt: "",
                                },
                            ],
                        },
                        Dim {
                            dim: 1,
                            cells: [
                                Cell {
                                    name: "id",
                                    src: "ob",
                                    tgt: "ob",
                                },
                            ],
                        },
                        Dim {
                            dim: 2,
                            cells: [
                                Cell {
                                    name: "Id_id.dir",
                                    src: "(id #0 id)",
                                    tgt: "id",
                                },
                                Cell {
                                    name: "Id_id.inv",
                                    src: "id",
                                    tgt: "(id #0 id)",
                                },
                            ],
                        },
                    ],
                    diagrams: [
                        Cell {
                            name: "id",
                            src: "ob",
                            tgt: "ob",
                        },
                        Cell {
                            name: "ob",
                            src: "",
                            tgt: "",
                        },
                    ],
                    maps: [
                        Map {
                            name: "Id",
                            domain: "Mor",
                        },
                        Map {
                            name: "Id_id",
                            domain: "Eq",
                        },
                        Map {
                            name: "Ob",
                            domain: "Ob",
                        },
                    ],
                },
                Type {
                    name: "Mor",
                    dims: [
                        Dim {
                            dim: 0,
                            cells: [
                                Cell {
                                    name: "Cod.ob",
                                    src: "",
                                    tgt: "",
                                },
                                Cell {
                                    name: "Dom.ob",
                                    src: "",
                                    tgt: "",
                                },
                            ],
                        },
                        Dim {
                            dim: 1,
                            cells: [
                                Cell {
                                    name: "Cod.id",
                                    src: "Cod.ob",
                                    tgt: "Cod.ob",
                                },
                                Cell {
                                    name: "Dom.id",
                                    src: "Dom.ob",
                                    tgt: "Dom.ob",
                                },
                                Cell {
                                    name: "mor",
                                    src: "Dom.ob",
                                    tgt: "Cod.ob",
                                },
                            ],
                        },
                        Dim {
                            dim: 2,
                            cells: [
                                Cell {
                                    name: "Cod.Id_id.dir",
                                    src: "(Cod.id #0 Cod.id)",
                                    tgt: "Cod.id",
                                },
                                Cell {
                                    name: "Cod.Id_id.inv",
                                    src: "Cod.id",
                                    tgt: "(Cod.id #0 Cod.id)",
                                },
                                Cell {
                                    name: "Dom.Id_id.dir",
                                    src: "(Dom.id #0 Dom.id)",
                                    tgt: "Dom.id",
                                },
                                Cell {
                                    name: "Dom.Id_id.inv",
                                    src: "Dom.id",
                                    tgt: "(Dom.id #0 Dom.id)",
                                },
                                Cell {
                                    name: "Left_id.dir",
                                    src: "(Dom.id #0 mor)",
                                    tgt: "mor",
                                },
                                Cell {
                                    name: "Left_id.inv",
                                    src: "mor",
                                    tgt: "(Dom.id #0 mor)",
                                },
                                Cell {
                                    name: "Right_id.dir",
                                    src: "(mor #0 Cod.id)",
                                    tgt: "mor",
                                },
                                Cell {
                                    name: "Right_id.inv",
                                    src: "mor",
                                    tgt: "(mor #0 Cod.id)",
                                },
                            ],
                        },
                    ],
                    diagrams: [
                        Cell {
                            name: "mor",
                            src: "Dom.ob",
                            tgt: "Cod.ob",
                        },
                    ],
                    maps: [
                        Map {
                            name: "Cod",
                            domain: "Ob",
                        },
                        Map {
                            name: "Dom",
                            domain: "Ob",
                        },
                        Map {
                            name: "Left_id",
                            domain: "Eq",
                        },
                        Map {
                            name: "Mor",
                            domain: "Mor",
                        },
                        Map {
                            name: "Right_id",
                            domain: "Eq",
                        },
                    ],
                },
                Type {
                    name: "Pair",
                    dims: [
                        Dim {
                            dim: 0,
                            cells: [
                                Cell {
                                    name: "Fst.Cod.ob",
                                    src: "",
                                    tgt: "",
                                },
                                Cell {
                                    name: "Fst.Dom.ob",
                                    src: "",
                                    tgt: "",
                                },
                                Cell {
                                    name: "Snd.Cod.ob",
                                    src: "",
                                    tgt: "",
                                },
                            ],
                        },
                        Dim {
                            dim: 1,
                            cells: [
                                Cell {
                                    name: "Fst.Cod.id",
                                    src: "Fst.Cod.ob",
                                    tgt: "Fst.Cod.ob",
                                },
                                Cell {
                                    name: "Fst.Dom.id",
                                    src: "Fst.Dom.ob",
                                    tgt: "Fst.Dom.ob",
                                },
                                Cell {
                                    name: "Fst.mor",
                                    src: "Fst.Dom.ob",
                                    tgt: "Fst.Cod.ob",
                                },
                                Cell {
                                    name: "Snd.Cod.id",
                                    src: "Snd.Cod.ob",
                                    tgt: "Snd.Cod.ob",
                                },
                                Cell {
                                    name: "Snd.mor",
                                    src: "Fst.Cod.ob",
                                    tgt: "Snd.Cod.ob",
                                },
                            ],
                        },
                        Dim {
                            dim: 2,
                            cells: [
                                Cell {
                                    name: "Fst.Cod.Id_id.dir",
                                    src: "(Fst.Cod.id #0 Fst.Cod.id)",
                                    tgt: "Fst.Cod.id",
                                },
                                Cell {
                                    name: "Fst.Cod.Id_id.inv",
                                    src: "Fst.Cod.id",
                                    tgt: "(Fst.Cod.id #0 Fst.Cod.id)",
                                },
                                Cell {
                                    name: "Fst.Dom.Id_id.dir",
                                    src: "(Fst.Dom.id #0 Fst.Dom.id)",
                                    tgt: "Fst.Dom.id",
                                },
                                Cell {
                                    name: "Fst.Dom.Id_id.inv",
                                    src: "Fst.Dom.id",
                                    tgt: "(Fst.Dom.id #0 Fst.Dom.id)",
                                },
                                Cell {
                                    name: "Fst.Left_id.dir",
                                    src: "(Fst.Dom.id #0 Fst.mor)",
                                    tgt: "Fst.mor",
                                },
                                Cell {
                                    name: "Fst.Left_id.inv",
                                    src: "Fst.mor",
                                    tgt: "(Fst.Dom.id #0 Fst.mor)",
                                },
                                Cell {
                                    name: "Fst.Right_id.dir",
                                    src: "(Fst.mor #0 Fst.Cod.id)",
                                    tgt: "Fst.mor",
                                },
                                Cell {
                                    name: "Fst.Right_id.inv",
                                    src: "Fst.mor",
                                    tgt: "(Fst.mor #0 Fst.Cod.id)",
                                },
                                Cell {
                                    name: "Snd.Cod.Id_id.dir",
                                    src: "(Snd.Cod.id #0 Snd.Cod.id)",
                                    tgt: "Snd.Cod.id",
                                },
                                Cell {
                                    name: "Snd.Cod.Id_id.inv",
                                    src: "Snd.Cod.id",
                                    tgt: "(Snd.Cod.id #0 Snd.Cod.id)",
                                },
                                Cell {
                                    name: "Snd.Left_id.dir",
                                    src: "(Fst.Cod.id #0 Snd.mor)",
                                    tgt: "Snd.mor",
                                },
                                Cell {
                                    name: "Snd.Left_id.inv",
                                    src: "Snd.mor",
                                    tgt: "(Fst.Cod.id #0 Snd.mor)",
                                },
                                Cell {
                                    name: "Snd.Right_id.dir",
                                    src: "(Snd.mor #0 Snd.Cod.id)",
                                    tgt: "Snd.mor",
                                },
                                Cell {
                                    name: "Snd.Right_id.inv",
                                    src: "Snd.mor",
                                    tgt: "(Snd.mor #0 Snd.Cod.id)",
                                },
                            ],
                        },
                    ],
                    diagrams: [
                        Cell {
                            name: "mor",
                            src: "Fst.Dom.ob",
                            tgt: "Snd.Cod.ob",
                        },
                    ],
                    maps: [
                        Map {
                            name: "Cod",
                            domain: "Ob",
                        },
                        Map {
                            name: "Comp",
                            domain: "Mor",
                        },
                        Map {
                            name: "Dom",
                            domain: "Ob",
                        },
                        Map {
                            name: "Fst",
                            domain: "Mor",
                        },
                        Map {
                            name: "Left_id",
                            domain: "Eq",
                        },
                        Map {
                            name: "Pair",
                            domain: "Pair",
                        },
                        Map {
                            name: "Right_id",
                            domain: "Eq",
                        },
                        Map {
                            name: "Snd",
                            domain: "Mor",
                        },
                    ],
                },
            ],
        },
    ],
}
